[headA] stage=head trainable 4,550/2,954,886 params | train 339 val 73 | loss=huber | lr head 0.001 backbone 3e-05 | eff. batch 8 | amp=True
[headA] start (before training) val: MAE 10.85 bias +8.92 r 0.891
[headA] ep  1 loss 39.145 trainMAE 14.47 | val MAE 10.28 bias +8.03 r 0.887 slope 0.35 | *best* | 27s
[headA] ep  2 loss 36.583 trainMAE 13.60 | val MAE 9.77 bias +7.16 r 0.880 slope 0.37 | *best* | 16s
[headA] ep  3 loss 34.137 trainMAE 12.77 | val MAE 9.34 bias +6.33 r 0.873 slope 0.38 | *best* | 22s
[headA] ep  4 loss 32.585 trainMAE 12.23 | val MAE 8.92 bias +5.56 r 0.868 slope 0.39 | *best* | 42s
[headA] ep  5 loss 30.686 trainMAE 11.61 | val MAE 8.51 bias +4.75 r 0.862 slope 0.41 | *best* | 16s
[headA] ep  6 loss 29.534 trainMAE 11.24 | val MAE 8.24 bias +4.51 r 0.862 slope 0.44 | *best* | 28s
[headA] ep  7 loss 28.714 trainMAE 10.96 | val MAE 8.01 bias +4.20 r 0.861 slope 0.46 | *best* | 45s
[headA] ep  8 loss 27.406 trainMAE 10.53 | val MAE 7.80 bias +3.89 r 0.860 slope 0.48 | *best* | 26s
[headA] ep  9 loss 26.744 trainMAE 10.31 | val MAE 7.64 bias +3.77 r 0.860 slope 0.50 | *best* | 16s
[headA] ep 10 loss 25.974 trainMAE 10.06 | val MAE 7.58 bias +3.84 r 0.863 slope 0.51 | *best* | 16s
[headA] ep 11 loss 25.484 trainMAE 9.87 | val MAE 7.44 bias +3.67 r 0.863 slope 0.52 | *best* | 16s
[headA] ep 12 loss 25.452 trainMAE 9.83 | val MAE 7.35 bias +3.55 r 0.864 slope 0.53 | *best* | 16s
[headA] ep 13 loss 23.900 trainMAE 9.34 | val MAE 7.34 bias +3.63 r 0.866 slope 0.54 | *best* | 21s
[headA] ep 14 loss 24.016 trainMAE 9.34 | val MAE 7.15 bias +3.35 r 0.865 slope 0.56 | *best* | 34s
[headA] ep 15 loss 22.691 trainMAE 8.92 | val MAE 6.94 bias +3.00 r 0.863 slope 0.58 | *best* | 37s
[headA] ep 16 loss 21.661 trainMAE 8.59 | val MAE 6.81 bias +2.45 r 0.855 slope 0.61 | *best* | 43s
[headA] ep 17 loss 20.033 trainMAE 8.03 | val MAE 6.83 bias +2.17 r 0.848 slope 0.64 | no gain 1/8 | 39s
[headA] ep 18 loss 18.614 trainMAE 7.56 | val MAE 6.86 bias +1.88 r 0.845 slope 0.66 | no gain 2/8 | 35s
[headA] ep 19 loss 17.564 trainMAE 7.22 | val MAE 6.80 bias +1.45 r 0.842 slope 0.67 | no gain 3/8 | 56s
[headA] ep 20 loss 18.208 trainMAE 7.44 | val MAE 6.75 bias +1.55 r 0.847 slope 0.68 | *best* | 56s
[headA] ep 21 loss 18.078 trainMAE 7.37 | val MAE 6.68 bias +1.46 r 0.849 slope 0.69 | *best* | 51s
[headA] ep 22 loss 17.777 trainMAE 7.25 | val MAE 6.61 bias +1.25 r 0.850 slope 0.70 | *best* | 23s
[headA] ep 23 loss 17.135 trainMAE 7.04 | val MAE 6.53 bias +1.04 r 0.851 slope 0.71 | *best* | 44s
[headA] ep 24 loss 17.005 trainMAE 6.98 | val MAE 6.48 bias +0.99 r 0.852 slope 0.71 | *best* | 46s
[headA] ep 25 loss 17.008 trainMAE 6.99 | val MAE 6.46 bias +1.15 r 0.855 slope 0.72 | *best* | 24s
[headA] ep 26 loss 16.982 trainMAE 7.00 | val MAE 6.43 bias +1.07 r 0.855 slope 0.72 | *best* | 32s
[headA] ep 27 loss 16.022 trainMAE 6.68 | val MAE 6.42 bias +1.00 r 0.855 slope 0.72 | *best* | 29s
[headA] ep 28 loss 16.230 trainMAE 6.72 | val MAE 6.36 bias +0.67 r 0.854 slope 0.73 | *best* | 29s
[headA] ep 29 loss 16.991 trainMAE 7.01 | val MAE 6.25 bias +0.81 r 0.860 slope 0.74 | *best* | 27s
[headA] ep 30 loss 16.943 trainMAE 6.99 | val MAE 6.19 bias +0.91 r 0.863 slope 0.75 | *best* | 27s
[headA] ep 31 loss 16.054 trainMAE 6.68 | val MAE 6.16 bias +0.87 r 0.864 slope 0.75 | *best* | 17s
[headA] ep 32 loss 17.892 trainMAE 7.32 | val MAE 6.12 bias +0.86 r 0.865 slope 0.75 | *best* | 17s
[headA] ep 33 loss 16.236 trainMAE 6.76 | val MAE 6.09 bias +0.99 r 0.867 slope 0.76 | *best* | 17s
[headA] ep 34 loss 14.877 trainMAE 6.28 | val MAE 6.01 bias +0.68 r 0.868 slope 0.77 | *best* | 25s
[headA] ep 35 loss 14.167 trainMAE 6.02 | val MAE 6.02 bias +0.53 r 0.867 slope 0.77 | no gain 1/8 | 29s
[headA] ep 36 loss 15.010 trainMAE 6.31 | val MAE 6.04 bias +0.56 r 0.866 slope 0.77 | no gain 2/8 | 27s
[headA] ep 37 loss 15.731 trainMAE 6.56 | val MAE 5.99 bias +0.61 r 0.867 slope 0.77 | *best* | 26s
[headA] ep 38 loss 15.133 trainMAE 6.37 | val MAE 5.97 bias +0.63 r 0.868 slope 0.77 | *best* | 31s
[headA] ep 39 loss 14.973 trainMAE 6.30 | val MAE 5.98 bias +0.59 r 0.869 slope 0.78 | no gain 1/8 | 28s
[headA] ep 40 loss 14.976 trainMAE 6.32 | val MAE 5.96 bias +0.38 r 0.868 slope 0.78 | *best* | 26s
[headA] best val MAE 5.96 (epoch 40) | reload check 5.96 -> OK | original pretrained file unchanged
