2026-10-07 16:02:23.389336: I tensorflow/core/util/port.cc:153] oneDNN custom operations are on. You may see slightly different numerical results due to floating-point round-off errors from different computation orders. To turn them off, set the environment variable `TF_ENABLE_ONEDNN_OPTS=0`.
2026-10-07 16:02:23.404506: I tensorflow/core/util/port.cc:153] oneDNN custom operations are on. You may see slightly different numerical results due to floating-point round-off errors from different computation orders. To turn them off, set the environment variable `TF_ENABLE_ONEDNN_OPTS=0`.
2026-10-07 16:02:23.452811: I tensorflow/core/util/port.cc:153] oneDNN custom operations are on. You may see slightly different numerical results due to floating-point round-off errors from different computation orders. To turn them off, set the environment variable `TF_ENABLE_ONEDNN_OPTS=0`.
2026-10-07 16:02:35.605565: I tensorflow/core/util/port.cc:153] oneDNN custom operations are on. You may see slightly different numerical results due to floating-point round-off errors from different computation orders. To turn them off, set the environment variable `TF_ENABLE_ONEDNN_OPTS=0`.
2026-10-07 16:02:35.807455: I tensorflow/core/util/port.cc:153] oneDNN custom operations are on. You may see slightly different numerical results due to floating-point round-off errors from different computation orders. To turn them off, set the environment variable `TF_ENABLE_ONEDNN_OPTS=0`.
2026-10-07 16:02:35.844356: I tensorflow/core/util/port.cc:153] oneDNN custom operations are on. You may see slightly different numerical results due to floating-point round-off errors from different computation orders. To turn them off, set the environment variable `TF_ENABLE_ONEDNN_OPTS=0`.
WARNING:tensorflow:From C:\Users\jaaiw\Desktop\3rd_year_projects\ml_brain\brainage-env\Lib\site-packages\tf_keras\src\losses.py:2976: The name tf.losses.sparse_softmax_cross_entropy is deprecated. Please use tf.compat.v1.losses.sparse_softmax_cross_entropy instead.

WARNING:tensorflow:From C:\Users\jaaiw\Desktop\3rd_year_projects\ml_brain\brainage-env\Lib\site-packages\tf_keras\src\losses.py:2976: The name tf.losses.sparse_softmax_cross_entropy is deprecated. Please use tf.compat.v1.losses.sparse_softmax_cross_entropy instead.

WARNING:tensorflow:From C:\Users\jaaiw\Desktop\3rd_year_projects\ml_brain\brainage-env\Lib\site-packages\tf_keras\src\losses.py:2976: The name tf.losses.sparse_softmax_cross_entropy is deprecated. Please use tf.compat.v1.losses.sparse_softmax_cross_entropy instead.

WARNING:tensorflow:From C:\Users\jaaiw\Desktop\3rd_year_projects\ml_brain\brainage-env\Lib\site-packages\tf_keras\src\backend.py:1400: The name tf.executing_eagerly_outside_functions is deprecated. Please use tf.compat.v1.executing_eagerly_outside_functions instead.

WARNING:tensorflow:From C:\Users\jaaiw\Desktop\3rd_year_projects\ml_brain\brainage-env\Lib\site-packages\tf_keras\src\backend.py:1400: The name tf.executing_eagerly_outside_functions is deprecated. Please use tf.compat.v1.executing_eagerly_outside_functions instead.

2026-10-07 16:02:55.613532: I tensorflow/core/platform/cpu_feature_guard.cc:210] This TensorFlow binary is optimized to use available CPU instructions in performance-critical operations.
To enable the following instructions: SSE3 SSE4.1 SSE4.2 AVX AVX2 AVX_VNNI FMA, in other operations, rebuild TensorFlow with the appropriate compiler flags.
2026-10-07 16:02:55.616102: I tensorflow/core/platform/cpu_feature_guard.cc:210] This TensorFlow binary is optimized to use available CPU instructions in performance-critical operations.
To enable the following instructions: SSE3 SSE4.1 SSE4.2 AVX AVX2 AVX_VNNI FMA, in other operations, rebuild TensorFlow with the appropriate compiler flags.
WARNING:tensorflow:From C:\Users\jaaiw\Desktop\3rd_year_projects\ml_brain\brainage-env\Lib\site-packages\tf_keras\src\backend.py:1400: The name tf.executing_eagerly_outside_functions is deprecated. Please use tf.compat.v1.executing_eagerly_outside_functions instead.

2026-10-07 16:02:55.676980: I tensorflow/core/platform/cpu_feature_guard.cc:210] This TensorFlow binary is optimized to use available CPU instructions in performance-critical operations.
To enable the following instructions: SSE3 SSE4.1 SSE4.2 AVX AVX2 AVX_VNNI FMA, in other operations, rebuild TensorFlow with the appropriate compiler flags.
WARNING:tensorflow:From C:\Users\jaaiw\Desktop\3rd_year_projects\ml_brain\brainage-env\Lib\site-packages\tf_keras\src\layers\pooling\max_pooling2d.py:161: The name tf.nn.max_pool is deprecated. Please use tf.nn.max_pool2d instead.

WARNING:tensorflow:From C:\Users\jaaiw\Desktop\3rd_year_projects\ml_brain\brainage-env\Lib\site-packages\tf_keras\src\layers\pooling\max_pooling2d.py:161: The name tf.nn.max_pool is deprecated. Please use tf.nn.max_pool2d instead.

WARNING:tensorflow:From C:\Users\jaaiw\Desktop\3rd_year_projects\ml_brain\brainage-env\Lib\site-packages\tf_keras\src\layers\pooling\max_pooling2d.py:161: The name tf.nn.max_pool is deprecated. Please use tf.nn.max_pool2d instead.

{'IXI_ID': 109, 'predicted_age': 36.29774856567383, 'shape': '182x218x182', 'slice_min': 26.269861221313477, 'slice_max': 51.52696990966797, 'seconds': 197.8}
{'IXI_ID': 94, 'predicted_age': 46.6500129699707, 'shape': '182x218x182', 'slice_min': 20.851226806640625, 'slice_max': 67.79780578613281, 'seconds': 199.7}
{'IXI_ID': 130, 'predicted_age': 41.965049743652344, 'shape': '182x218x182', 'slice_min': 25.057748794555664, 'slice_max': 55.46660232543945, 'seconds': 202.3}
WARNING:tensorflow:5 out of the last 7 calls to <function Model.make_predict_function.<locals>.predict_function at 0x00000182471FEC00> triggered tf.function retracing. Tracing is expensive and the excessive number of tracings could be due to (1) creating @tf.function repeatedly in a loop, (2) passing tensors with different shapes, (3) passing Python objects instead of tensors. For (1), please define your @tf.function outside of the loop. For (2), @tf.function has reduce_retracing=True option that can avoid unnecessary retracing. For (3), please refer to https://www.tensorflow.org/guide/function#controlling_retracing and https://www.tensorflow.org/api_docs/python/tf/function for  more details.
WARNING:tensorflow:5 out of the last 7 calls to <function Model.make_predict_function.<locals>.predict_function at 0x00000170F2892C00> triggered tf.function retracing. Tracing is expensive and the excessive number of tracings could be due to (1) creating @tf.function repeatedly in a loop, (2) passing tensors with different shapes, (3) passing Python objects instead of tensors. For (1), please define your @tf.function outside of the loop. For (2), @tf.function has reduce_retracing=True option that can avoid unnecessary retracing. For (3), please refer to https://www.tensorflow.org/guide/function#controlling_retracing and https://www.tensorflow.org/api_docs/python/tf/function for  more details.
WARNING:tensorflow:5 out of the last 7 calls to <function Model.make_predict_function.<locals>.predict_function at 0x000001532030ECA0> triggered tf.function retracing. Tracing is expensive and the excessive number of tracings could be due to (1) creating @tf.function repeatedly in a loop, (2) passing tensors with different shapes, (3) passing Python objects instead of tensors. For (1), please define your @tf.function outside of the loop. For (2), @tf.function has reduce_retracing=True option that can avoid unnecessary retracing. For (3), please refer to https://www.tensorflow.org/guide/function#controlling_retracing and https://www.tensorflow.org/api_docs/python/tf/function for  more details.
WARNING:tensorflow:6 out of the last 8 calls to <function Model.make_predict_function.<locals>.predict_function at 0x00000153217C18A0> triggered tf.function retracing. Tracing is expensive and the excessive number of tracings could be due to (1) creating @tf.function repeatedly in a loop, (2) passing tensors with different shapes, (3) passing Python objects instead of tensors. For (1), please define your @tf.function outside of the loop. For (2), @tf.function has reduce_retracing=True option that can avoid unnecessary retracing. For (3), please refer to https://www.tensorflow.org/guide/function#controlling_retracing and https://www.tensorflow.org/api_docs/python/tf/function for  more details.
WARNING:tensorflow:6 out of the last 8 calls to <function Model.make_predict_function.<locals>.predict_function at 0x00000182486B5440> triggered tf.function retracing. Tracing is expensive and the excessive number of tracings could be due to (1) creating @tf.function repeatedly in a loop, (2) passing tensors with different shapes, (3) passing Python objects instead of tensors. For (1), please define your @tf.function outside of the loop. For (2), @tf.function has reduce_retracing=True option that can avoid unnecessary retracing. For (3), please refer to https://www.tensorflow.org/guide/function#controlling_retracing and https://www.tensorflow.org/api_docs/python/tf/function for  more details.
WARNING:tensorflow:6 out of the last 8 calls to <function Model.make_predict_function.<locals>.predict_function at 0x00000170F3D41440> triggered tf.function retracing. Tracing is expensive and the excessive number of tracings could be due to (1) creating @tf.function repeatedly in a loop, (2) passing tensors with different shapes, (3) passing Python objects instead of tensors. For (1), please define your @tf.function outside of the loop. For (2), @tf.function has reduce_retracing=True option that can avoid unnecessary retracing. For (3), please refer to https://www.tensorflow.org/guide/function#controlling_retracing and https://www.tensorflow.org/api_docs/python/tf/function for  more details.
{'IXI_ID': 212, 'predicted_age': 56.15471649169922, 'shape': '182x218x182', 'slice_min': 45.12174606323242, 'slice_max': 79.90728759765625, 'seconds': 155.1}
{'IXI_ID': 156, 'predicted_age': 59.264068603515625, 'shape': '182x218x182', 'slice_min': 41.120548248291016, 'slice_max': 71.41178894042969, 'seconds': 158.8}
{'IXI_ID': 194, 'predicted_age': 48.584712982177734, 'shape': '182x218x182', 'slice_min': 33.60600662231445, 'slice_max': 59.334510803222656, 'seconds': 158.5}
{'IXI_ID': 275, 'predicted_age': 28.659759521484375, 'shape': '182x218x182', 'slice_min': 16.931163787841797, 'slice_max': 40.6110725402832, 'seconds': 97.5}
{'IXI_ID': 259, 'predicted_age': 54.52400207519531, 'shape': '182x218x182', 'slice_min': 38.20352554321289, 'slice_max': 72.55171966552734, 'seconds': 98.7}
{'IXI_ID': 310, 'predicted_age': 56.52197265625, 'shape': '182x218x182', 'slice_min': 45.797672271728516, 'slice_max': 69.78023529052734, 'seconds': 99.1}
{'IXI_ID': 372, 'predicted_age': 42.3046875, 'shape': '182x218x182', 'slice_min': 36.153289794921875, 'slice_max': 48.709407806396484, 'seconds': 80.6}
{'IXI_ID': 429, 'predicted_age': 54.57972717285156, 'shape': '182x218x182', 'slice_min': 34.87489318847656, 'slice_max': 68.41719818115234, 'seconds': 80.2}
{'IXI_ID': 330, 'predicted_age': 47.27975845336914, 'shape': '182x218x182', 'slice_min': 17.427059173583984, 'slice_max': 58.439456939697266, 'seconds': 82.4}
{'IXI_ID': 480, 'predicted_age': 54.33101272583008, 'shape': '182x218x182', 'slice_min': 42.29924774169922, 'slice_max': 69.30821228027344, 'seconds': 126.9}
{'IXI_ID': 542, 'predicted_age': 56.68329620361328, 'shape': '182x218x182', 'slice_min': 45.87204360961914, 'slice_max': 64.59982299804688, 'seconds': 131.3}
{'IXI_ID': 487, 'predicted_age': 57.93376922607422, 'shape': '182x218x182', 'slice_min': 45.69156265258789, 'slice_max': 76.59943389892578, 'seconds': 131.8}
n=15 MAE=18.16 r=-0.129 rho=-0.164
