2026-10-09 09:27:54.641859: I tensorflow/core/util/port.cc:153] oneDNN custom operations are on. You may see slightly different numerical results due to floating-point round-off errors from different computation orders. To turn them off, set the environment variable `TF_ENABLE_ONEDNN_OPTS=0`.
2026-10-09 09:27:59.179304: I tensorflow/core/util/port.cc:153] oneDNN custom operations are on. You may see slightly different numerical results due to floating-point round-off errors from different computation orders. To turn them off, set the environment variable `TF_ENABLE_ONEDNN_OPTS=0`.
WARNING:tensorflow:From C:\Users\jaaiw\Desktop\3rd_year_projects\ml_brain\brainage-env\Lib\site-packages\tf_keras\src\losses.py:2976: The name tf.losses.sparse_softmax_cross_entropy is deprecated. Please use tf.compat.v1.losses.sparse_softmax_cross_entropy instead.

2026-10-09 09:28:04.350300: I tensorflow/core/platform/cpu_feature_guard.cc:210] This TensorFlow binary is optimized to use available CPU instructions in performance-critical operations.
To enable the following instructions: SSE3 SSE4.1 SSE4.2 AVX AVX2 AVX_VNNI FMA, in other operations, rebuild TensorFlow with the appropriate compiler flags.
WARNING:tensorflow:From C:\Users\jaaiw\Desktop\3rd_year_projects\ml_brain\brainage-env\Lib\site-packages\tf_keras\src\backend.py:1400: The name tf.executing_eagerly_outside_functions is deprecated. Please use tf.compat.v1.executing_eagerly_outside_functions instead.

WARNING:tensorflow:From C:\Users\jaaiw\Desktop\3rd_year_projects\ml_brain\brainage-env\Lib\site-packages\tf_keras\src\layers\pooling\max_pooling2d.py:161: The name tf.nn.max_pool is deprecated. Please use tf.nn.max_pool2d instead.

Checkpoint: {'sha256_ok': True, 'input_shape': '(None, None, None, 3)', 'output_shape': '(None, 1)', 'n_params': 15241025, 'n_layers': 5, 'last_layer': 'dense_4'}
[1/485] 2: actual=35.8 pred=39.0  input 80x256x256x3 [0, 0.925] mean=0.267
[2/485] 12: actual=38.8 pred=47.5  input 80x256x256x3 [0, 0.984] mean=0.276
[3/485] 13: actual=46.7 pred=51.3  input 80x256x256x3 [0, 1] mean=0.267
[4/485] 14: actual=34.2 pred=41.5  input 80x256x256x3 [0, 1] mean=0.269
[5/485] 15: actual=24.3 pred=48.2  input 80x256x256x3 [0, 1] mean=0.273
[6/485] 16: actual=55.2 pred=61.4  input 80x256x256x3 [0, 1] mean=0.26
[7/485] 17: actual=29.1 pred=46.1  input 80x256x256x3 [0, 0.882] mean=0.267
[8/485] 19: actual=58.7 pred=58.2  input 80x256x256x3 [0, 1] mean=0.243
[9/485] 20: actual=39.5 pred=44.2  input 80x256x256x3 [0, 0.98] mean=0.265
[10/485] 21: actual=21.6 pred=31.9  input 80x256x256x3 [0, 0.859] mean=0.268
[11/485] 22: actual=30.7 pred=39.5  input 80x256x256x3 [0, 0.949] mean=0.257
[12/485] 23: actual=33.1 pred=29.3  input 80x256x256x3 [0, 0.929] mean=0.27
[13/485] 24: actual=37.7 pred=40.4  input 80x256x256x3 [0, 0.863] mean=0.267
[14/485] 25: actual=29.8 pred=40.4  input 80x256x256x3 [0, 0.957] mean=0.257
[15/485] 26: actual=34.5 pred=39.3  input 80x256x256x3 [0, 1] mean=0.267
[16/485] 27: actual=30.4 pred=43.3  input 80x256x256x3 [0, 1] mean=0.274
[17/485] 28: actual=74.0 pred=69.6  input 80x256x256x3 [0, 0.965] mean=0.24
[18/485] 29: actual=59.2 pred=61.9  input 80x256x256x3 [0, 1] mean=0.255
[19/485] 30: actual=31.5 pred=30.8  input 80x256x256x3 [0, 0.863] mean=0.275
[20/485] 31: actual=31.1 pred=43.8  input 80x256x256x3 [0, 1] mean=0.283
[21/485] 33: actual=24.8 pred=32.8  input 80x256x256x3 [0, 1] mean=0.267
[22/485] 34: actual=24.3 pred=31.2  input 80x256x256x3 [0, 1] mean=0.293
[23/485] 35: actual=37.1 pred=58.3  input 80x256x256x3 [0, 1] mean=0.272
[24/485] 36: actual=23.5 pred=23.0  input 80x256x256x3 [0, 0.953] mean=0.269
[25/485] 37: actual=37.2 pred=48.2  input 80x256x256x3 [0, 0.898] mean=0.249
[26/485] 38: actual=21.4 pred=28.1  input 80x256x256x3 [0, 0.945] mean=0.269
[27/485] 39: actual=23.3 pred=28.9  input 80x256x256x3 [0, 1] mean=0.271
[28/485] 40: actual=44.1 pred=46.5  input 80x256x256x3 [0, 0.894] mean=0.256
[29/485] 41: actual=27.4 pred=42.5  input 80x256x256x3 [0, 0.969] mean=0.261
[30/485] 42: actual=27.8 pred=30.0  input 80x256x256x3 [0, 0.89] mean=0.26
[31/485] 43: actual=22.6 pred=20.5  input 80x256x256x3 [0, 0.918] mean=0.266
[32/485] 44: actual=44.9 pred=52.9  input 80x256x256x3 [0, 0.894] mean=0.252
[33/485] 45: actual=40.0 pred=42.8  input 80x256x256x3 [0, 0.937] mean=0.285
[34/485] 46: actual=37.7 pred=45.1  input 80x256x256x3 [0, 0.933] mean=0.272
[35/485] 48: actual=50.7 pred=54.2  input 80x256x256x3 [0, 1] mean=0.264
[36/485] 49: actual=31.9 pred=47.4  input 80x256x256x3 [0, 1] mean=0.278
[37/485] 50: actual=63.2 pred=61.9  input 80x256x256x3 [0, 0.949] mean=0.254
[38/485] 51: actual=25.7 pred=29.9  input 80x256x256x3 [0, 1] mean=0.279
[39/485] 52: actual=33.8 pred=41.6  input 80x256x256x3 [0, 1] mean=0.29
[40/485] 53: actual=53.3 pred=52.8  input 80x256x256x3 [0, 0.945] mean=0.245
[41/485] 54: actual=41.8 pred=38.5  input 80x256x256x3 [0, 0.89] mean=0.26
[42/485] 55: actual=49.4 pred=52.3  input 80x256x256x3 [0, 0.886] mean=0.26
[43/485] 56: actual=25.9 pred=29.7  input 80x256x256x3 [0, 1] mean=0.269
[44/485] 57: actual=28.2 pred=33.6  input 80x256x256x3 [0, 1] mean=0.273
[45/485] 58: actual=29.3 pred=43.9  input 80x256x256x3 [0, 0.933] mean=0.267
[46/485] 59: actual=34.1 pred=32.6  input 80x256x256x3 [0, 1] mean=0.274
[47/485] 60: actual=30.7 pred=24.8  input 80x256x256x3 [0, 0.973] mean=0.26
[48/485] 61: actual=59.0 pred=53.0  input 80x256x256x3 [0, 0.875] mean=0.256
[49/485] 62: actual=36.2 pred=45.9  input 80x256x256x3 [0, 0.906] mean=0.262
[50/485] 63: actual=41.1 pred=44.3  input 80x256x256x3 [0, 1] mean=0.266
[51/485] 64: actual=20.1 pred=32.6  input 80x256x256x3 [0, 0.988] mean=0.264
[52/485] 65: actual=23.7 pred=27.8  input 80x256x256x3 [0, 0.922] mean=0.262
[53/485] 66: actual=46.2 pred=57.1  input 80x256x256x3 [0, 0.953] mean=0.26
[54/485] 68: actual=24.6 pred=33.9  input 80x256x256x3 [0, 0.886] mean=0.262
[55/485] 69: actual=26.3 pred=38.0  input 80x256x256x3 [0, 0.855] mean=0.269
[56/485] 70: actual=20.7 pred=27.9  input 80x256x256x3 [0, 0.906] mean=0.275
[57/485] 71: actual=37.0 pred=37.7  input 80x256x256x3 [0, 0.976] mean=0.261
[58/485] 72: actual=68.6 pred=68.0  input 80x256x256x3 [0, 1] mean=0.262
[59/485] 74: actual=22.5 pred=28.0  input 80x256x256x3 [0, 0.898] mean=0.269
[60/485] 75: actual=36.0 pred=44.0  input 80x256x256x3 [0, 0.941] mean=0.267
[61/485] 76: actual=55.8 pred=52.1  input 80x256x256x3 [0, 0.882] mean=0.237
[62/485] 77: actual=36.5 pred=40.8  input 80x256x256x3 [0, 0.902] mean=0.262
[63/485] 78: actual=28.5 pred=33.9  input 80x256x256x3 [0, 1] mean=0.254
[64/485] 79: actual=52.5 pred=40.8  input 80x256x256x3 [0, 1] mean=0.279
[65/485] 80: actual=21.2 pred=23.1  input 80x256x256x3 [0, 1] mean=0.274
[66/485] 83: actual=30.9 pred=40.8  input 80x256x256x3 [0, 1] mean=0.256
[67/485] 84: actual=38.2 pred=47.3  input 80x256x256x3 [0, 0.918] mean=0.263
[68/485] 85: actual=31.8 pred=40.3  input 80x256x256x3 [0, 0.91] mean=0.267
[69/485] 86: actual=30.1 pred=37.3  input 80x256x256x3 [0, 0.925] mean=0.26
[70/485] 87: actual=25.7 pred=18.7  input 80x256x256x3 [0, 0.906] mean=0.271
[71/485] 89: actual=49.4 pred=50.2  input 80x256x256x3 [0, 0.898] mean=0.267
[72/485] 90: actual=41.8 pred=52.7  input 80x256x256x3 [0, 0.933] mean=0.248
[73/485] 91: actual=28.6 pred=37.7  input 80x256x256x3 [0, 0.949] mean=0.27
[74/485] 92: actual=33.2 pred=38.9  input 80x256x256x3 [0, 1] mean=0.276
[75/485] 93: actual=26.9 pred=46.1  input 80x256x256x3 [0, 0.949] mean=0.266
[76/485] 94: actual=24.9 pred=47.6  input 80x256x256x3 [0, 1] mean=0.266
[77/485] 95: actual=24.9 pred=36.0  input 80x256x256x3 [0, 1] mean=0.277
[78/485] 96: actual=26.9 pred=44.6  input 80x256x256x3 [0, 1] mean=0.266
[79/485] 97: actual=35.0 pred=40.2  input 80x256x256x3 [0, 1] mean=0.287
[80/485] 98: actual=29.7 pred=34.8  input 80x256x256x3 [0, 1] mean=0.254
[81/485] 99: actual=51.8 pred=51.5  input 80x256x256x3 [0, 1] mean=0.275
[82/485] 100: actual=41.5 pred=41.7  input 80x256x256x3 [0, 0.937] mean=0.245
[83/485] 101: actual=45.8 pred=52.1  input 80x256x256x3 [0, 1] mean=0.261
[84/485] 103: actual=31.8 pred=42.4  input 80x256x256x3 [0, 0.929] mean=0.268
[85/485] 104: actual=27.0 pred=37.8  input 80x256x256x3 [0, 1] mean=0.272
[86/485] 105: actual=38.9 pred=39.5  input 80x256x256x3 [0, 1] mean=0.282
[87/485] 106: actual=36.7 pred=43.1  input 80x256x256x3 [0, 1] mean=0.27
[88/485] 107: actual=31.9 pred=36.5  input 80x256x256x3 [0, 0.906] mean=0.262
[89/485] 108: actual=43.2 pred=48.4  input 80x256x256x3 [0, 1] mean=0.26
[90/485] 109: actual=36.5 pred=42.0  input 80x256x256x3 [0, 0.925] mean=0.267
[91/485] 110: actual=37.8 pred=42.3  input 80x256x256x3 [0, 1] mean=0.257
[92/485] 111: actual=25.2 pred=28.3  input 80x256x256x3 [0, 1] mean=0.261
[93/485] 112: actual=23.7 pred=33.8  input 80x256x256x3 [0, 1] mean=0.27
[94/485] 113: actual=32.4 pred=36.0  input 80x256x256x3 [0, 0.902] mean=0.271
[95/485] 114: actual=65.4 pred=64.1  input 80x256x256x3 [0, 0.867] mean=0.252
[96/485] 115: actual=72.1 pred=64.6  input 80x256x256x3 [0, 0.918] mean=0.254
[97/485] 116: actual=23.8 pred=33.6  input 80x256x256x3 [0, 0.973] mean=0.271
[98/485] 118: actual=25.9 pred=36.2  input 80x256x256x3 [0, 0.863] mean=0.266
[99/485] 119: actual=32.2 pred=37.8  input 80x256x256x3 [0, 0.894] mean=0.269
[100/485] 120: actual=53.7 pred=54.5  input 80x256x256x3 [0, 0.851] mean=0.254
[101/485] 121: actual=35.1 pred=46.8  input 80x256x256x3 [0, 1] mean=0.253
[102/485] 122: actual=23.0 pred=28.7  input 80x256x256x3 [0, 1] mean=0.271
[103/485] 123: actual=46.6 pred=49.1  input 80x256x256x3 [0, 0.922] mean=0.27
[104/485] 126: actual=57.2 pred=53.4  input 80x256x256x3 [0, 1] mean=0.272
[105/485] 127: actual=29.5 pred=41.7  input 80x256x256x3 [0, 1] mean=0.279
[106/485] 128: actual=27.3 pred=32.4  input 80x256x256x3 [0, 1] mean=0.271
[107/485] 129: actual=23.0 pred=35.3  input 80x256x256x3 [0, 1] mean=0.27
[108/485] 130: actual=38.8 pred=45.6  input 80x256x256x3 [0, 1] mean=0.281
[109/485] 131: actual=45.2 pred=48.0  input 80x256x256x3 [0, 1] mean=0.28
[110/485] 132: actual=58.7 pred=54.9  input 80x256x256x3 [0, 1] mean=0.275
[111/485] 134: actual=47.4 pred=51.2  input 80x256x256x3 [0, 0.961] mean=0.274
[112/485] 135: actual=29.0 pred=41.5  input 80x256x256x3 [0, 0.945] mean=0.256
[113/485] 136: actual=35.8 pred=39.8  input 80x256x256x3 [0, 1] mean=0.276
[114/485] 137: actual=41.2 pred=44.4  input 80x256x256x3 [0, 1] mean=0.279
[115/485] 138: actual=33.1 pred=38.3  input 80x256x256x3 [0, 0.98] mean=0.286
[116/485] 139: actual=32.9 pred=44.4  input 80x256x256x3 [0, 0.949] mean=0.278
[117/485] 140: actual=27.8 pred=25.0  input 80x256x256x3 [0, 0.863] mean=0.28
[118/485] 141: actual=46.0 pred=55.9  input 80x256x256x3 [0, 0.898] mean=0.259
[119/485] 142: actual=48.3 pred=53.1  input 80x256x256x3 [0, 0.878] mean=0.267
[120/485] 143: actual=32.0 pred=35.5  input 80x256x256x3 [0, 0.886] mean=0.269
[121/485] 144: actual=29.4 pred=27.5  input 80x256x256x3 [0, 0.914] mean=0.27
[122/485] 145: actual=49.4 pred=59.8  input 80x256x256x3 [0, 0.902] mean=0.236
[123/485] 146: actual=33.6 pred=40.3  input 80x256x256x3 [0, 1] mean=0.282
[124/485] 148: actual=40.6 pred=50.7  input 80x256x256x3 [0, 1] mean=0.272
[125/485] 150: actual=27.0 pred=25.1  input 80x256x256x3 [0, 1] mean=0.29
[126/485] 151: actual=45.4 pred=59.6  input 80x256x256x3 [0, 0.933] mean=0.261
[127/485] 153: actual=22.4 pred=29.1  input 80x256x256x3 [0, 0.918] mean=0.266
[128/485] 154: actual=24.3 pred=41.3  input 80x256x256x3 [0, 0.906] mean=0.271
[129/485] 156: actual=59.4 pred=57.7  input 80x256x256x3 [0, 0.898] mean=0.272
[130/485] 157: actual=54.4 pred=56.3  input 80x256x256x3 [0, 0.875] mean=0.247
[131/485] 158: actual=75.6 pred=70.3  input 80x256x256x3 [0, 0.973] mean=0.262
[132/485] 159: actual=24.1 pred=26.8  input 80x256x256x3 [0, 1] mean=0.266
[133/485] 160: actual=39.4 pred=37.7  input 80x256x256x3 [0, 1] mean=0.271
[134/485] 161: actual=65.1 pred=63.6  input 80x256x256x3 [0, 1] mean=0.264
[135/485] 162: actual=50.5 pred=54.4  input 80x256x256x3 [0, 1] mean=0.28
[136/485] 163: actual=48.1 pred=42.5  input 80x256x256x3 [0, 1] mean=0.273
[137/485] 164: actual=64.5 pred=64.0  input 80x256x256x3 [0, 0.933] mean=0.239
[138/485] 165: actual=24.4 pred=23.5  input 80x256x256x3 [0, 1] mean=0.273
[139/485] 166: actual=41.2 pred=42.2  input 80x256x256x3 [0, 0.98] mean=0.253
[140/485] 167: actual=67.5 pred=63.8  input 80x256x256x3 [0, 0.98] mean=0.26
[141/485] 168: actual=43.8 pred=43.9  input 80x256x256x3 [0, 1] mean=0.269
[142/485] 169: actual=58.8 pred=59.1  input 80x256x256x3 [0, 0.933] mean=0.265
[143/485] 170: actual=31.6 pred=37.8  input 80x256x256x3 [0, 0.941] mean=0.256
[144/485] 172: actual=75.0 pred=69.2  input 80x256x256x3 [0, 0.953] mean=0.246
[145/485] 173: actual=29.6 pred=31.3  input 80x256x256x3 [0, 1] mean=0.275
[146/485] 174: actual=63.1 pred=66.3  input 80x256x256x3 [0, 1] mean=0.262
[147/485] 175: actual=72.3 pred=72.3  input 80x256x256x3 [0, 1] mean=0.244
[148/485] 176: actual=24.9 pred=39.3  input 80x256x256x3 [0, 1] mean=0.268
[149/485] 177: actual=34.3 pred=45.2  input 80x256x256x3 [0, 0.933] mean=0.266
[150/485] 178: actual=25.4 pred=36.9  input 80x256x256x3 [0, 0.929] mean=0.261
[151/485] 179: actual=30.1 pred=38.9  input 80x256x256x3 [0, 0.965] mean=0.269
[152/485] 180: actual=42.2 pred=36.8  input 80x256x256x3 [0, 1] mean=0.268
[153/485] 181: actual=45.7 pred=44.7  input 80x256x256x3 [0, 1] mean=0.263
[154/485] 182: actual=61.0 pred=55.2  input 80x256x256x3 [0, 0.945] mean=0.259
[155/485] 183: actual=30.2 pred=42.4  input 80x256x256x3 [0, 0.882] mean=0.252
[156/485] 184: actual=30.1 pred=37.8  input 80x256x256x3 [0, 0.918] mean=0.266
[157/485] 185: actual=83.5 pred=75.1  input 80x256x256x3 [0, 1] mean=0.242
[158/485] 186: actual=61.2 pred=59.3  input 80x256x256x3 [0, 0.957] mean=0.261
[159/485] 188: actual=44.0 pred=55.9  input 80x256x256x3 [0, 1] mean=0.25
[160/485] 189: actual=41.7 pred=39.9  input 80x256x256x3 [0, 0.933] mean=0.267
[161/485] 191: actual=44.2 pred=47.2  input 80x256x256x3 [0, 1] mean=0.246
[162/485] 192: actual=38.9 pred=49.4  input 80x256x256x3 [0, 0.886] mean=0.258
[163/485] 193: actual=55.2 pred=56.1  input 80x256x256x3 [0, 0.91] mean=0.276
[164/485] 194: actual=48.3 pred=51.4  input 80x256x256x3 [0, 0.961] mean=0.262
[165/485] 195: actual=37.8 pred=37.2  input 80x256x256x3 [0, 1] mean=0.28
[166/485] 196: actual=29.1 pred=31.9  input 80x256x256x3 [0, 0.918] mean=0.254
[167/485] 197: actual=60.5 pred=56.4  input 80x256x256x3 [0, 1] mean=0.264
[168/485] 198: actual=45.3 pred=47.2  input 80x256x256x3 [0, 0.925] mean=0.26
[169/485] 199: actual=63.7 pred=64.8  input 80x256x256x3 [0, 0.902] mean=0.24
[170/485] 201: actual=22.4 pred=26.1  input 80x256x256x3 [0, 1] mean=0.269
[171/485] 202: actual=20.2 pred=36.5  input 80x256x256x3 [0, 1] mean=0.272
[172/485] 204: actual=74.6 pred=70.1  input 80x256x256x3 [0, 1] mean=0.258
[173/485] 205: actual=45.4 pred=50.3  input 80x256x256x3 [0, 1] mean=0.269
[174/485] 206: actual=50.0 pred=47.1  input 80x256x256x3 [0, 1] mean=0.269
[175/485] 207: actual=40.4 pred=50.0  input 80x256x256x3 [0, 1] mean=0.262
[176/485] 208: actual=34.0 pred=48.3  input 80x256x256x3 [0, 0.933] mean=0.256
[177/485] 209: actual=32.6 pred=45.0  input 80x256x256x3 [0, 0.922] mean=0.246
[178/485] 210: actual=69.3 pred=62.9  input 80x256x256x3 [0, 0.937] mean=0.243
[179/485] 211: actual=55.1 pred=58.5  input 80x256x256x3 [0, 1] mean=0.273
[180/485] 212: actual=59.1 pred=58.4  input 80x256x256x3 [0, 1] mean=0.271
[181/485] 213: actual=54.7 pred=53.8  input 80x256x256x3 [0, 1] mean=0.252
[182/485] 214: actual=24.3 pred=23.0  input 80x256x256x3 [0, 1] mean=0.277
[183/485] 216: actual=73.0 pred=68.5  input 80x256x256x3 [0, 1] mean=0.264
[184/485] 217: actual=57.2 pred=54.9  input 80x256x256x3 [0, 1] mean=0.266
[185/485] 218: actual=35.4 pred=31.8  input 80x256x256x3 [0, 1] mean=0.264
[186/485] 221: actual=48.5 pred=52.7  input 80x256x256x3 [0, 1] mean=0.263
[187/485] 222: actual=36.1 pred=42.1  input 80x256x256x3 [0, 0.882] mean=0.255
[188/485] 223: actual=63.2 pred=62.2  input 80x256x256x3 [0, 1] mean=0.261
[189/485] 224: actual=36.9 pred=46.6  input 80x256x256x3 [0, 0.965] mean=0.268
[190/485] 225: actual=47.0 pred=50.5  input 80x256x256x3 [0, 0.992] mean=0.261
[191/485] 226: actual=41.9 pred=58.7  input 80x256x256x3 [0, 1] mean=0.271
[192/485] 227: actual=67.1 pred=64.9  input 80x256x256x3 [0, 0.906] mean=0.248
[193/485] 229: actual=72.4 pred=70.7  input 80x256x256x3 [0, 0.925] mean=0.274
[194/485] 230: actual=21.2 pred=58.9  input 80x256x256x3 [0, 1] mean=0.274
[195/485] 231: actual=59.0 pred=63.1  input 80x256x256x3 [0, 1] mean=0.278
[196/485] 232: actual=28.8 pred=52.6  input 80x256x256x3 [0, 1] mean=0.285
[197/485] 233: actual=26.8 pred=51.0  input 80x256x256x3 [0, 1] mean=0.266
[198/485] 234: actual=33.1 pred=53.9  input 80x256x256x3 [0, 1] mean=0.289
[199/485] 236: actual=25.7 pred=35.7  input 80x256x256x3 [0, 0.918] mean=0.271
[200/485] 237: actual=78.2 pred=73.3  input 80x256x256x3 [0, 1] mean=0.253
[201/485] 238: actual=27.7 pred=51.2  input 80x256x256x3 [0, 1] mean=0.272
[202/485] 239: actual=63.0 pred=63.8  input 80x256x256x3 [0, 1] mean=0.257
[203/485] 240: actual=39.0 pred=46.2  input 80x256x256x3 [0, 0.976] mean=0.249
[204/485] 241: actual=30.0 pred=38.4  input 80x256x256x3 [0, 0.922] mean=0.272
[205/485] 242: actual=31.4 pred=41.1  input 80x256x256x3 [0, 1] mean=0.267
[206/485] 244: actual=49.0 pred=47.0  input 80x256x256x3 [0, 0.945] mean=0.266
[207/485] 246: actual=42.2 pred=47.0  input 80x256x256x3 [0, 0.922] mean=0.275
[208/485] 247: actual=29.8 pred=45.0  input 80x256x256x3 [0, 0.925] mean=0.243
[209/485] 248: actual=44.9 pred=49.5  input 80x256x256x3 [0, 1] mean=0.271
[210/485] 249: actual=68.3 pred=66.0  input 80x256x256x3 [0, 1] mean=0.248
[211/485] 250: actual=72.9 pred=71.5  input 80x256x256x3 [0, 1] mean=0.262
[212/485] 251: actual=80.2 pred=73.4  input 80x256x256x3 [0, 0.875] mean=0.244
[213/485] 252: actual=70.6 pred=64.6  input 80x256x256x3 [0, 1] mean=0.251
[214/485] 253: actual=24.0 pred=22.6  input 80x256x256x3 [0, 1] mean=0.293
[215/485] 254: actual=25.6 pred=28.9  input 80x256x256x3 [0, 1] mean=0.271
[216/485] 255: actual=57.7 pred=55.0  input 80x256x256x3 [0, 1] mean=0.284
[217/485] 256: actual=27.4 pred=41.5  input 80x256x256x3 [0, 1] mean=0.275
[218/485] 257: actual=69.5 pred=72.9  input 80x256x256x3 [0, 1] mean=0.232
[219/485] 258: actual=22.6 pred=25.9  input 80x256x256x3 [0, 1] mean=0.287
[220/485] 259: actual=59.8 pred=59.8  input 80x256x256x3 [0, 1] mean=0.26
[221/485] 260: actual=60.9 pred=58.8  input 80x256x256x3 [0, 1] mean=0.26
[222/485] 261: actual=34.2 pred=53.5  input 80x256x256x3 [0, 1] mean=0.261
[223/485] 262: actual=20.9 pred=25.8  input 80x256x256x3 [0, 1] mean=0.277
[224/485] 263: actual=25.2 pred=39.4  input 80x256x256x3 [0, 1] mean=0.269
[225/485] 264: actual=44.9 pred=49.4  input 80x256x256x3 [0, 1] mean=0.269
[226/485] 265: actual=27.4 pred=42.4  input 80x256x256x3 [0, 0.867] mean=0.279
[227/485] 266: actual=61.1 pred=61.6  input 80x256x256x3 [0, 0.863] mean=0.253
[228/485] 267: actual=35.4 pred=44.3  input 80x256x256x3 [0, 1] mean=0.268
[229/485] 268: actual=44.9 pred=43.5  input 80x256x256x3 [0, 0.945] mean=0.266
[230/485] 269: actual=26.6 pred=26.7  input 80x256x256x3 [0, 0.914] mean=0.275
[231/485] 270: actual=61.0 pred=60.6  input 80x256x256x3 [0, 0.957] mean=0.273
[232/485] 274: actual=73.5 pred=69.4  input 80x256x256x3 [0, 1] mean=0.246
[233/485] 275: actual=24.2 pred=30.8  input 80x256x256x3 [0, 1] mean=0.272
[234/485] 276: actual=20.9 pred=34.9  input 80x256x256x3 [0, 1] mean=0.282
[235/485] 277: actual=61.3 pred=61.5  input 80x256x256x3 [0, 1] mean=0.273
[236/485] 278: actual=20.2 pred=24.0  input 80x256x256x3 [0, 1] mean=0.278
[237/485] 279: actual=51.9 pred=51.2  input 80x256x256x3 [0, 0.949] mean=0.247
[238/485] 280: actual=42.5 pred=48.5  input 80x256x256x3 [0, 1] mean=0.27
[239/485] 282: actual=40.0 pred=43.1  input 80x256x256x3 [0, 1] mean=0.263
[240/485] 284: actual=63.0 pred=60.6  input 80x256x256x3 [0, 1] mean=0.275
[241/485] 285: actual=40.8 pred=44.7  input 80x256x256x3 [0, 0.953] mean=0.258
[242/485] 286: actual=54.3 pred=55.5  input 80x256x256x3 [0, 1] mean=0.259
[243/485] 287: actual=45.0 pred=54.0  input 80x256x256x3 [0, 0.937] mean=0.254
[244/485] 288: actual=78.6 pred=73.8  input 80x256x256x3 [0, 1] mean=0.257
[245/485] 289: actual=60.8 pred=59.4  input 80x256x256x3 [0, 1] mean=0.245
[246/485] 290: actual=45.8 pred=58.7  input 80x256x256x3 [0, 0.988] mean=0.261
[247/485] 291: actual=30.7 pred=53.8  input 80x256x256x3 [0, 1] mean=0.282
[248/485] 292: actual=23.7 pred=52.8  input 80x256x256x3 [0, 1] mean=0.284
[249/485] 293: actual=26.5 pred=49.4  input 80x256x256x3 [0, 1] mean=0.288
[250/485] 294: actual=27.1 pred=51.6  input 80x256x256x3 [0, 1] mean=0.272
[251/485] 296: actual=64.0 pred=64.0  input 80x256x256x3 [0, 1] mean=0.276
[252/485] 297: actual=51.3 pred=60.9  input 80x256x256x3 [0, 1] mean=0.261
[253/485] 298: actual=43.5 pred=50.4  input 80x256x256x3 [0, 0.894] mean=0.265
[254/485] 300: actual=38.3 pred=47.4  input 80x256x256x3 [0, 0.965] mean=0.263
[255/485] 303: actual=25.5 pred=54.7  input 80x256x256x3 [0, 1] mean=0.277
[256/485] 304: actual=46.6 pred=47.9  input 80x256x256x3 [0, 0.922] mean=0.269
[257/485] 307: actual=33.0 pred=51.3  input 80x256x256x3 [0, 1] mean=0.267
[258/485] 308: actual=41.2 pred=40.2  input 80x256x256x3 [0, 0.933] mean=0.266
[259/485] 309: actual=33.9 pred=55.3  input 80x256x256x3 [0, 1] mean=0.272
[260/485] 310: actual=62.0 pred=67.1  input 80x256x256x3 [0, 1] mean=0.27
[261/485] 311: actual=61.6 pred=67.8  input 80x256x256x3 [0, 0.965] mean=0.268
[262/485] 312: actual=59.1 pred=57.3  input 80x256x256x3 [0, 0.863] mean=0.254
[263/485] 313: actual=65.9 pred=60.2  input 80x256x256x3 [0, 1] mean=0.266
[264/485] 314: actual=45.9 pred=59.0  input 80x256x256x3 [0, 1] mean=0.287
[265/485] 315: actual=25.5 pred=53.3  input 80x256x256x3 [0, 1] mean=0.286
[266/485] 316: actual=56.9 pred=55.6  input 80x256x256x3 [0, 1] mean=0.283
[267/485] 317: actual=67.8 pred=68.2  input 80x256x256x3 [0, 0.922] mean=0.252
[268/485] 318: actual=54.5 pred=50.7  input 80x256x256x3 [0, 0.937] mean=0.262
[269/485] 319: actual=59.5 pred=62.8  input 80x256x256x3 [0, 1] mean=0.259
[270/485] 320: actual=29.7 pred=25.9  input 80x256x256x3 [0, 0.976] mean=0.264
[271/485] 321: actual=54.7 pred=61.4  input 80x256x256x3 [0, 0.929] mean=0.253
[272/485] 322: actual=28.5 pred=49.2  input 80x256x256x3 [0, 1] mean=0.286
[273/485] 324: actual=60.1 pred=59.4  input 80x256x256x3 [0, 0.933] mean=0.262
[274/485] 325: actual=52.7 pred=55.2  input 80x256x256x3 [0, 0.961] mean=0.259
[275/485] 326: actual=67.7 pred=70.2  input 80x256x256x3 [0, 0.945] mean=0.257
[276/485] 327: actual=73.6 pred=67.1  input 80x256x256x3 [0, 1] mean=0.256
[277/485] 329: actual=55.7 pred=61.3  input 80x256x256x3 [0, 1] mean=0.254
[278/485] 330: actual=44.5 pred=47.6  input 80x256x256x3 [0, 0.961] mean=0.253
[279/485] 331: actual=23.5 pred=53.0  input 80x256x256x3 [0, 1] mean=0.276
[280/485] 332: actual=42.4 pred=59.2  input 80x256x256x3 [0, 1] mean=0.274
[281/485] 334: actual=69.3 pred=60.6  input 80x256x256x3 [0, 1] mean=0.272
[282/485] 335: actual=69.3 pred=64.8  input 80x256x256x3 [0, 1] mean=0.254
[283/485] 336: actual=67.8 pred=63.1  input 80x256x256x3 [0, 0.914] mean=0.254
[284/485] 338: actual=61.5 pred=64.6  input 80x256x256x3 [0, 1] mean=0.269
[285/485] 342: actual=48.7 pred=48.3  input 80x256x256x3 [0, 0.91] mean=0.267
[286/485] 344: actual=62.1 pred=59.3  input 80x256x256x3 [0, 1] mean=0.249
[287/485] 348: actual=38.6 pred=39.4  input 80x256x256x3 [0, 0.882] mean=0.253
[288/485] 350: actual=62.7 pred=62.4  input 80x256x256x3 [0, 1] mean=0.269
[289/485] 351: actual=56.9 pred=52.6  input 80x256x256x3 [0, 0.882] mean=0.251
[290/485] 353: actual=52.7 pred=57.0  input 80x256x256x3 [0, 1] mean=0.259
[291/485] 354: actual=45.6 pred=55.5  input 80x256x256x3 [0, 1] mean=0.264
[292/485] 356: actual=64.1 pred=52.6  input 80x256x256x3 [0, 1] mean=0.262
[293/485] 357: actual=63.5 pred=62.7  input 80x256x256x3 [0, 1] mean=0.28
[294/485] 358: actual=62.1 pred=59.5  input 80x256x256x3 [0, 0.902] mean=0.248
[295/485] 359: actual=62.1 pred=57.8  input 80x256x256x3 [0, 1] mean=0.256
[296/485] 360: actual=54.2 pred=50.0  input 80x256x256x3 [0, 0.953] mean=0.256
[297/485] 361: actual=54.2 pred=51.7  input 80x256x256x3 [0, 0.996] mean=0.274
[298/485] 362: actual=41.1 pred=36.0  input 80x256x256x3 [0, 1] mean=0.287
[299/485] 363: actual=60.9 pred=61.5  input 80x256x256x3 [0, 1] mean=0.263
[300/485] 364: actual=67.2 pred=58.8  input 80x256x256x3 [0, 0.918] mean=0.26
[301/485] 365: actual=66.5 pred=67.5  input 80x256x256x3 [0, 0.992] mean=0.268
[302/485] 367: actual=54.2 pred=51.8  input 80x256x256x3 [0, 0.937] mean=0.272
[303/485] 368: actual=54.2 pred=55.1  input 80x256x256x3 [0, 0.925] mean=0.264
[304/485] 369: actual=60.6 pred=55.7  input 80x256x256x3 [0, 0.973] mean=0.242
[305/485] 370: actual=60.6 pred=60.9  input 80x256x256x3 [0, 0.91] mean=0.233
[306/485] 371: actual=26.4 pred=54.4  input 80x256x256x3 [0, 1] mean=0.274
[307/485] 372: actual=29.3 pred=51.3  input 80x256x256x3 [0, 1] mean=0.295
[308/485] 373: actual=58.8 pred=61.5  input 80x256x256x3 [0, 1] mean=0.26
[309/485] 375: actual=41.1 pred=39.3  input 80x256x256x3 [0, 0.91] mean=0.242
[310/485] 376: actual=72.6 pred=66.8  input 80x256x256x3 [0, 0.914] mean=0.261
[311/485] 377: actual=72.6 pred=68.6  input 80x256x256x3 [0, 0.98] mean=0.262
[312/485] 378: actual=38.8 pred=54.4  input 80x256x256x3 [0, 1] mean=0.266
[313/485] 379: actual=66.9 pred=65.6  input 80x256x256x3 [0, 0.933] mean=0.249
[314/485] 380: actual=66.9 pred=62.1  input 80x256x256x3 [0, 1] mean=0.264
[315/485] 381: actual=59.7 pred=65.0  input 80x256x256x3 [0, 0.914] mean=0.249
[316/485] 382: actual=65.9 pred=60.5  input 80x256x256x3 [0, 1] mean=0.277
[317/485] 383: actual=74.0 pred=69.1  input 80x256x256x3 [0, 0.961] mean=0.263
[318/485] 384: actual=74.0 pred=69.7  input 80x256x256x3 [0, 1] mean=0.268
[319/485] 385: actual=64.6 pred=67.4  input 80x256x256x3 [0, 1] mean=0.254
[320/485] 387: actual=46.4 pred=53.3  input 80x256x256x3 [0, 1] mean=0.289
[321/485] 388: actual=33.3 pred=59.7  input 80x256x256x3 [0, 1] mean=0.263
[322/485] 389: actual=58.4 pred=55.5  input 80x256x256x3 [0, 0.875] mean=0.248
[323/485] 390: actual=41.9 pred=47.1  input 80x256x256x3 [0, 0.882] mean=0.242
[324/485] 391: actual=52.5 pred=58.3  input 80x256x256x3 [0, 0.973] mean=0.26
[325/485] 392: actual=62.5 pred=62.3  input 80x256x256x3 [0, 1] mean=0.267
[326/485] 393: actual=60.1 pred=61.1  input 80x256x256x3 [0, 0.996] mean=0.254
[327/485] 394: actual=53.7 pred=55.9  input 80x256x256x3 [0, 1] mean=0.258
[328/485] 395: actual=45.0 pred=56.0  input 80x256x256x3 [0, 1] mean=0.268
[329/485] 396: actual=53.6 pred=55.5  input 80x256x256x3 [0, 1] mean=0.276
[330/485] 397: actual=51.7 pred=57.5  input 80x256x256x3 [0, 0.933] mean=0.25
[331/485] 398: actual=51.7 pred=49.3  input 80x256x256x3 [0, 1] mean=0.248
[332/485] 399: actual=73.5 pred=64.6  input 80x256x256x3 [0, 1] mean=0.25
[333/485] 400: actual=55.6 pred=56.0  input 80x256x256x3 [0, 0.925] mean=0.275
[334/485] 401: actual=55.6 pred=57.9  input 80x256x256x3 [0, 0.882] mean=0.258
[335/485] 402: actual=53.5 pred=47.8  input 80x256x256x3 [0, 0.933] mean=0.25
[336/485] 403: actual=53.5 pred=42.3  input 80x256x256x3 [0, 0.902] mean=0.255
[337/485] 404: actual=62.7 pred=69.6  input 80x256x256x3 [0, 0.925] mean=0.247
[338/485] 405: actual=58.6 pred=56.9  input 80x256x256x3 [0, 0.91] mean=0.247
[339/485] 406: actual=58.3 pred=60.5  input 80x256x256x3 [0, 0.863] mean=0.251
[340/485] 407: actual=58.3 pred=60.7  input 80x256x256x3 [0, 0.922] mean=0.246
[341/485] 409: actual=71.0 pred=70.7  input 80x256x256x3 [0, 0.965] mean=0.256
[342/485] 410: actual=53.4 pred=52.5  input 80x256x256x3 [0, 0.878] mean=0.262
[343/485] 411: actual=53.4 pred=56.2  input 80x256x256x3 [0, 0.871] mean=0.259
[344/485] 412: actual=58.6 pred=57.5  input 80x256x256x3 [0, 1] mean=0.262
[345/485] 413: actual=59.8 pred=62.5  input 80x256x256x3 [0, 0.918] mean=0.267
[346/485] 414: actual=59.7 pred=57.7  input 80x256x256x3 [0, 0.906] mean=0.26
[347/485] 415: actual=72.3 pred=71.3  input 80x256x256x3 [0, 0.984] mean=0.263
[348/485] 416: actual=72.1 pred=69.0  input 80x256x256x3 [0, 1] mean=0.27
[349/485] 417: actual=59.9 pred=66.2  input 80x256x256x3 [0, 0.945] mean=0.251
[350/485] 418: actual=59.7 pred=60.2  input 80x256x256x3 [0, 0.886] mean=0.265
[351/485] 419: actual=73.2 pred=70.7  input 80x256x256x3 [0, 1] mean=0.259
[352/485] 420: actual=73.2 pred=70.5  input 80x256x256x3 [0, 0.945] mean=0.252
[353/485] 422: actual=37.1 pred=43.9  input 80x256x256x3 [0, 0.91] mean=0.269
[354/485] 423: actual=39.0 pred=55.3  input 80x256x256x3 [0, 1] mean=0.288
[355/485] 424: actual=46.3 pred=51.3  input 80x256x256x3 [0, 1] mean=0.273
[356/485] 425: actual=20.0 pred=48.3  input 80x256x256x3 [0, 1] mean=0.28
[357/485] 426: actual=23.1 pred=51.3  input 80x256x256x3 [0, 0.929] mean=0.284
[358/485] 427: actual=34.3 pred=51.3  input 80x256x256x3 [0, 1] mean=0.283
[359/485] 428: actual=55.5 pred=54.5  input 80x256x256x3 [0, 0.969] mean=0.262
[360/485] 429: actual=55.5 pred=56.2  input 80x256x256x3 [0, 1] mean=0.257
[361/485] 430: actual=72.0 pred=70.8  input 80x256x256x3 [0, 1] mean=0.265
[362/485] 431: actual=58.8 pred=57.2  input 80x256x256x3 [0, 0.914] mean=0.277
[363/485] 432: actual=57.7 pred=65.5  input 80x256x256x3 [0, 0.969] mean=0.262
[364/485] 433: actual=73.9 pred=66.6  input 80x256x256x3 [0, 1] mean=0.276
[365/485] 434: actual=67.2 pred=60.3  input 80x256x256x3 [0, 1] mean=0.299
[366/485] 436: actual=28.3 pred=36.9  input 80x256x256x3 [0, 1] mean=0.277
[367/485] 437: actual=55.6 pred=57.3  input 80x256x256x3 [0, 1] mean=0.263
[368/485] 438: actual=63.7 pred=57.8  input 80x256x256x3 [0, 1] mean=0.255
[369/485] 439: actual=43.9 pred=47.1  input 80x256x256x3 [0, 1] mean=0.283
[370/485] 440: actual=48.1 pred=52.8  input 80x256x256x3 [0, 1] mean=0.273
[371/485] 441: actual=48.1 pred=47.3  input 80x256x256x3 [0, 1] mean=0.283
[372/485] 442: actual=61.4 pred=65.0  input 80x256x256x3 [0, 1] mean=0.279
[373/485] 443: actual=69.1 pred=68.9  input 80x256x256x3 [0, 1] mean=0.208
[374/485] 444: actual=58.4 pred=55.6  input 80x256x256x3 [0, 1] mean=0.272
[375/485] 445: actual=60.0 pred=58.1  input 80x256x256x3 [0, 1] mean=0.271
[376/485] 446: actual=60.1 pred=58.3  input 80x256x256x3 [0, 1] mean=0.275
[377/485] 447: actual=72.8 pred=65.8  input 80x256x256x3 [0, 0.969] mean=0.286
[378/485] 448: actual=79.4 pred=73.0  input 80x256x256x3 [0, 1] mean=0.257
[379/485] 449: actual=46.9 pred=55.6  input 80x256x256x3 [0, 0.965] mean=0.269
[380/485] 450: actual=68.5 pred=70.7  input 80x256x256x3 [0, 1] mean=0.244
[381/485] 451: actual=41.1 pred=40.3  input 80x256x256x3 [0, 1] mean=0.274
[382/485] 452: actual=63.4 pred=67.3  input 80x256x256x3 [0, 1] mean=0.254
[383/485] 453: actual=63.4 pred=65.6  input 80x256x256x3 [0, 1] mean=0.253
[384/485] 454: actual=32.6 pred=42.9  input 80x256x256x3 [0, 1] mean=0.249
[385/485] 455: actual=68.5 pred=69.0  input 80x256x256x3 [0, 0.914] mean=0.259
[386/485] 456: actual=70.2 pred=64.4  input 80x256x256x3 [0, 0.98] mean=0.246
[387/485] 458: actual=70.7 pred=65.6  input 80x256x256x3 [0, 1] mean=0.247
[388/485] 459: actual=62.4 pred=54.2  input 80x256x256x3 [0, 0.925] mean=0.258
[389/485] 460: actual=60.9 pred=60.4  input 80x256x256x3 [0, 0.867] mean=0.243
[390/485] 461: actual=60.9 pred=59.7  input 80x256x256x3 [0, 0.89] mean=0.258
[391/485] 462: actual=75.1 pred=69.2  input 80x256x256x3 [0, 1] mean=0.276
[392/485] 463: actual=70.1 pred=67.9  input 80x256x256x3 [0, 1] mean=0.262
[393/485] 464: actual=86.3 pred=71.2  input 80x256x256x3 [0, 1] mean=0.267
[394/485] 465: actual=69.3 pred=69.2  input 80x256x256x3 [0, 1] mean=0.256
[395/485] 467: actual=66.9 pred=65.7  input 80x256x256x3 [0, 0.988] mean=0.253
[396/485] 468: actual=67.7 pred=61.4  input 80x256x256x3 [0, 1] mean=0.258
[397/485] 469: actual=32.8 pred=52.5  input 80x256x256x3 [0, 1] mean=0.285
[398/485] 470: actual=36.0 pred=48.2  input 80x256x256x3 [0, 1] mean=0.282
[399/485] 473: actual=68.1 pred=64.8  input 80x256x256x3 [0, 1] mean=0.296
[400/485] 474: actual=34.0 pred=51.9  input 80x256x256x3 [0, 1] mean=0.285
[401/485] 475: actual=32.7 pred=50.6  input 80x256x256x3 [0, 1] mean=0.284
[402/485] 476: actual=78.4 pred=70.9  input 80x256x256x3 [0, 0.945] mean=0.256
[403/485] 477: actual=46.4 pred=56.3  input 80x256x256x3 [0, 1] mean=0.274
[404/485] 478: actual=49.0 pred=57.1  input 80x256x256x3 [0, 1] mean=0.274
[405/485] 479: actual=60.0 pred=58.8  input 80x256x256x3 [0, 0.898] mean=0.265
[406/485] 480: actual=60.0 pred=57.5  input 80x256x256x3 [0, 0.914] mean=0.262
[407/485] 481: actual=65.3 pred=57.5  input 80x256x256x3 [0, 1] mean=0.24
[408/485] 482: actual=72.1 pred=66.3  input 80x256x256x3 [0, 1] mean=0.254
[409/485] 483: actual=63.4 pred=60.6  input 80x256x256x3 [0, 1] mean=0.281
[410/485] 484: actual=66.4 pred=58.3  input 80x256x256x3 [0, 1] mean=0.261
[411/485] 485: actual=68.9 pred=60.3  input 80x256x256x3 [0, 1] mean=0.247
[412/485] 486: actual=63.8 pred=60.9  input 80x256x256x3 [0, 0.922] mean=0.25
[413/485] 487: actual=66.3 pred=56.1  input 80x256x256x3 [0, 1] mean=0.254
[414/485] 488: actual=69.1 pred=69.1  input 80x256x256x3 [0, 1] mean=0.263
[415/485] 489: actual=69.1 pred=69.0  input 80x256x256x3 [0, 1] mean=0.262
[416/485] 490: actual=70.1 pred=66.6  input 80x256x256x3 [0, 0.91] mean=0.249
[417/485] 491: actual=76.0 pred=64.7  input 80x256x256x3 [0, 0.906] mean=0.257
[418/485] 492: actual=69.3 pred=66.8  input 80x256x256x3 [0, 0.925] mean=0.263
[419/485] 493: actual=67.8 pred=61.2  input 80x256x256x3 [0, 0.957] mean=0.261
[420/485] 494: actual=66.3 pred=65.9  input 80x256x256x3 [0, 0.937] mean=0.266
[421/485] 495: actual=60.9 pred=60.8  input 80x256x256x3 [0, 0.914] mean=0.255
[422/485] 496: actual=62.8 pred=63.8  input 80x256x256x3 [0, 0.902] mean=0.245
[423/485] 497: actual=72.3 pred=72.6  input 80x256x256x3 [0, 0.969] mean=0.252
[424/485] 498: actual=76.8 pred=64.8  input 80x256x256x3 [0, 0.918] mean=0.252
[425/485] 499: actual=82.2 pred=74.0  input 80x256x256x3 [0, 1] mean=0.248
[426/485] 500: actual=63.2 pred=58.0  input 80x256x256x3 [0, 0.973] mean=0.257
[427/485] 501: actual=67.1 pred=67.7  input 80x256x256x3 [0, 0.961] mean=0.268
[428/485] 502: actual=63.9 pred=55.1  input 80x256x256x3 [0, 0.925] mean=0.254
[429/485] 503: actual=65.1 pred=70.3  input 80x256x256x3 [0, 0.941] mean=0.251
[430/485] 504: actual=68.2 pred=67.1  input 80x256x256x3 [0, 1] mean=0.236
[431/485] 505: actual=62.2 pred=64.0  input 80x256x256x3 [0, 0.886] mean=0.248
[432/485] 506: actual=69.7 pred=68.5  input 80x256x256x3 [0, 0.961] mean=0.26
[433/485] 507: actual=71.7 pred=70.3  input 80x256x256x3 [0, 0.984] mean=0.258
[434/485] 508: actual=60.9 pred=62.0  input 80x256x256x3 [0, 1] mean=0.271
[435/485] 510: actual=32.4 pred=53.1  input 80x256x256x3 [0, 1] mean=0.277
[436/485] 511: actual=64.6 pred=66.9  input 80x256x256x3 [0, 1] mean=0.261
[437/485] 512: actual=64.8 pred=68.8  input 80x256x256x3 [0, 0.898] mean=0.24
[438/485] 515: actual=62.1 pred=54.4  input 80x256x256x3 [0, 1] mean=0.264
[439/485] 516: actual=60.4 pred=64.6  input 80x256x256x3 [0, 1] mean=0.247
[440/485] 517: actual=36.2 pred=51.8  input 80x256x256x3 [0, 1] mean=0.271
[441/485] 518: actual=75.8 pred=70.1  input 80x256x256x3 [0, 1] mean=0.269
[442/485] 519: actual=57.5 pred=53.4  input 80x256x256x3 [0, 1] mean=0.272
[443/485] 522: actual=28.9 pred=35.1  input 80x256x256x3 [0, 1] mean=0.292
[444/485] 523: actual=63.4 pred=67.8  input 80x256x256x3 [0, 1] mean=0.253
[445/485] 524: actual=33.5 pred=45.7  input 80x256x256x3 [0, 1] mean=0.276
[446/485] 525: actual=41.5 pred=50.6  input 80x256x256x3 [0, 1] mean=0.264
[447/485] 526: actual=54.6 pred=54.8  input 80x256x256x3 [0, 1] mean=0.223
[448/485] 527: actual=53.3 pred=52.6  input 80x256x256x3 [0, 0.988] mean=0.274
[449/485] 528: actual=40.5 pred=43.1  input 80x256x256x3 [0, 0.894] mean=0.262
[450/485] 531: actual=75.9 pred=69.1  input 80x256x256x3 [0, 0.933] mean=0.251
[451/485] 532: actual=36.6 pred=55.4  input 80x256x256x3 [0, 1] mean=0.277
[452/485] 533: actual=73.6 pred=70.6  input 80x256x256x3 [0, 1] mean=0.24
[453/485] 534: actual=69.6 pred=64.9  input 80x256x256x3 [0, 1] mean=0.238
[454/485] 535: actual=65.3 pred=67.7  input 80x256x256x3 [0, 0.933] mean=0.265
[455/485] 536: actual=58.8 pred=63.0  input 80x256x256x3 [0, 0.969] mean=0.251
[456/485] 537: actual=67.5 pred=66.0  input 80x256x256x3 [0, 1] mean=0.27
[457/485] 538: actual=81.9 pred=74.1  input 80x256x256x3 [0, 0.91] mean=0.261
[458/485] 539: actual=78.1 pred=69.4  input 80x256x256x3 [0, 0.91] mean=0.245
[459/485] 541: actual=36.4 pred=53.8  input 80x256x256x3 [0, 1] mean=0.277
[460/485] 542: actual=44.4 pred=61.4  input 80x256x256x3 [0, 0.847] mean=0.27
[461/485] 543: actual=70.5 pred=70.0  input 80x256x256x3 [0, 1] mean=0.271
[462/485] 544: actual=58.0 pred=65.6  input 80x256x256x3 [0, 1] mean=0.267
[463/485] 546: actual=60.1 pred=56.3  input 80x256x256x3 [0, 1] mean=0.27
[464/485] 547: actual=33.8 pred=52.0  input 80x256x256x3 [0, 1] mean=0.269
[465/485] 548: actual=66.3 pred=67.3  input 80x256x256x3 [0, 1] mean=0.254
[466/485] 549: actual=25.0 pred=22.6  input 80x256x256x3 [0, 0.878] mean=0.278
[467/485] 551: actual=70.5 pred=69.7  input 80x256x256x3 [0, 0.898] mean=0.244
[468/485] 552: actual=64.7 pred=63.3  input 80x256x256x3 [0, 0.898] mean=0.258
[469/485] 553: actual=28.2 pred=57.1  input 80x256x256x3 [0, 1] mean=0.284
[470/485] 554: actual=70.1 pred=71.5  input 80x256x256x3 [0, 0.949] mean=0.244
[471/485] 555: actual=65.7 pred=66.0  input 80x256x256x3 [0, 0.949] mean=0.241
[472/485] 556: actual=55.6 pred=59.1  input 80x256x256x3 [0, 1] mean=0.256
[473/485] 558: actual=66.9 pred=64.3  input 80x256x256x3 [0, 0.976] mean=0.26
[474/485] 559: actual=67.8 pred=65.0  input 80x256x256x3 [0, 1] mean=0.261
[475/485] 560: actual=63.9 pred=57.6  input 80x256x256x3 [0, 0.882] mean=0.256
[476/485] 561: actual=31.6 pred=54.0  input 80x256x256x3 [0, 1] mean=0.275
[477/485] 565: actual=63.8 pred=66.3  input 80x256x256x3 [0, 1] mean=0.26
[478/485] 566: actual=43.0 pred=52.2  input 80x256x256x3 [0, 1] mean=0.267
[479/485] 567: actual=28.6 pred=35.0  input 80x256x256x3 [0, 1] mean=0.278
[480/485] 569: actual=57.0 pred=49.0  input 80x256x256x3 [0, 1] mean=0.265
[481/485] 571: actual=38.9 pred=53.3  input 80x256x256x3 [0, 1] mean=0.281
[482/485] 572: actual=41.9 pred=34.1  input 80x256x256x3 [0, 1] mean=0.27
[483/485] 573: actual=35.5 pred=55.1  input 80x256x256x3 [0, 1] mean=0.278
[484/485] 574: actual=50.6 pred=65.0  input 80x256x256x3 [0, 1] mean=0.259
[485/485] 576: actual=67.3 pred=67.1  input 80x256x256x3 [0, 1] mean=0.262

Predicted 485 | skipped by QC 0 | requested 485
MAE=6.50  Pearson r=0.877  Spearman=0.896  slope=0.663
