2026-10-05 23:56:45.024794: I tensorflow/core/util/port.cc:153] oneDNN custom operations are on. You may see slightly different numerical results due to floating-point round-off errors from different computation orders. To turn them off, set the environment variable `TF_ENABLE_ONEDNN_OPTS=0`.
2026-10-05 23:56:48.671128: I tensorflow/core/util/port.cc:153] oneDNN custom operations are on. You may see slightly different numerical results due to floating-point round-off errors from different computation orders. To turn them off, set the environment variable `TF_ENABLE_ONEDNN_OPTS=0`.
WARNING:tensorflow:From C:\Users\jaaiw\Desktop\3rd_year_projects\ml_brain\brainage-env\Lib\site-packages\tf_keras\src\losses.py:2976: The name tf.losses.sparse_softmax_cross_entropy is deprecated. Please use tf.compat.v1.losses.sparse_softmax_cross_entropy instead.

2026-10-05 23:56:53.966003: I tensorflow/core/platform/cpu_feature_guard.cc:210] This TensorFlow binary is optimized to use available CPU instructions in performance-critical operations.
To enable the following instructions: SSE3 SSE4.1 SSE4.2 AVX AVX2 AVX_VNNI FMA, in other operations, rebuild TensorFlow with the appropriate compiler flags.
WARNING:tensorflow:From C:\Users\jaaiw\Desktop\3rd_year_projects\ml_brain\brainage-env\Lib\site-packages\tf_keras\src\backend.py:1400: The name tf.executing_eagerly_outside_functions is deprecated. Please use tf.compat.v1.executing_eagerly_outside_functions instead.

WARNING:tensorflow:From C:\Users\jaaiw\Desktop\3rd_year_projects\ml_brain\brainage-env\Lib\site-packages\tf_keras\src\layers\pooling\max_pooling2d.py:161: The name tf.nn.max_pool is deprecated. Please use tf.nn.max_pool2d instead.

Checkpoint: {'sha256_ok': True, 'input_shape': '(None, None, None, 3)', 'output_shape': '(None, 1)', 'n_params': 15241025, 'n_layers': 5, 'last_layer': 'dense_4'}
[1/15] 94: actual=36.5 pred=47.6  input 80x256x256x3 [0, 1] mean=0.266
[2/15] 109: actual=57.2 pred=42.0  input 80x256x256x3 [0, 0.925] mean=0.267
[3/15] 130: actual=27.0 pred=45.6  input 80x256x256x3 [0, 1] mean=0.281
[4/15] 156: actual=30.1 pred=57.7  input 80x256x256x3 [0, 0.898] mean=0.272
[5/15] 194: actual=36.1 pred=51.4  input 80x256x256x3 [0, 0.961] mean=0.262
[6/15] 212: actual=30.0 pred=58.4  input 80x256x256x3 [0, 1] mean=0.271
[7/15] 259: actual=50.9 pred=59.8  input 80x256x256x3 [0, 1] mean=0.26
[8/15] 275: actual=59.1 pred=30.8  input 80x256x256x3 [0, 1] mean=0.272
[9/15] 310: actual=52.7 prex`d=67.1  input 80x256x256x3 [0, 1] mean=0.27
[10/15] 330: actual=72.6 pred=47.6  input 80x256x256x3 [0, 0.961] mean=0.253
[11/15] 372: actual=59.7 pred=51.3  input 80x256x256x3 [0, 1] mean=0.295
[12/15] 429: actual=65.3 pred=56.2  input 80x256x256x3 [0, 1] mean=0.257
[13/15] 480: actual=81.9 pred=57.5  input 80x256x256x3 [0, 0.914] mean=0.262
[14/15] 487: actual=66.3 pred=56.1  input 80x256x256x3 [0, 1] mean=0.254
[15/15] 542: actual=25.6 pred=61.4  input 80x256x256x3 [0, 0.847] mean=0.27

Predicted 15 | skipped by QC 0 | requested 15
MAE=18.73  Pearson r=-0.121  Spearman=-0.257  slope=-0.060
