2026-10-09 00:24:31.388159: I tensorflow/core/util/port.cc:153] oneDNN custom operations are on. You may see slightly different numerical results due to floating-point round-off errors from different computation orders. To turn them off, set the environment variable `TF_ENABLE_ONEDNN_OPTS=0`.
2026-10-09 00:24:36.938105: I tensorflow/core/util/port.cc:153] oneDNN custom operations are on. You may see slightly different numerical results due to floating-point round-off errors from different computation orders. To turn them off, set the environment variable `TF_ENABLE_ONEDNN_OPTS=0`.
WARNING:tensorflow:From C:\Users\jaaiw\Desktop\3rd_year_projects\ml_brain\brainage-env\Lib\site-packages\tf_keras\src\losses.py:2976: The name tf.losses.sparse_softmax_cross_entropy is deprecated. Please use tf.compat.v1.losses.sparse_softmax_cross_entropy instead.

2026-10-09 00:24:56.704255: I tensorflow/core/platform/cpu_feature_guard.cc:210] This TensorFlow binary is optimized to use available CPU instructions in performance-critical operations.
To enable the following instructions: SSE3 SSE4.1 SSE4.2 AVX AVX2 AVX_VNNI FMA, in other operations, rebuild TensorFlow with the appropriate compiler flags.
WARNING:tensorflow:From C:\Users\jaaiw\Desktop\3rd_year_projects\ml_brain\brainage-env\Lib\site-packages\tf_keras\src\backend.py:1400: The name tf.executing_eagerly_outside_functions is deprecated. Please use tf.compat.v1.executing_eagerly_outside_functions instead.

WARNING:tensorflow:From C:\Users\jaaiw\Desktop\3rd_year_projects\ml_brain\brainage-env\Lib\site-packages\tf_keras\src\layers\pooling\max_pooling2d.py:161: The name tf.nn.max_pool is deprecated. Please use tf.nn.max_pool2d instead.

Checkpoint: {'sha256_ok': True, 'input_shape': '(None, None, None, 3)', 'output_shape': '(None, 1)', 'n_params': 15241025, 'n_layers': 5, 'last_layer': 'dense_4'}
!!! SKIPPED IXI464: reg_r 0.49
[1/19] 275: actual=24.2 pred=30.8  input 80x256x256x3 [0, 1] mean=0.272
[2/19] 94: actual=24.9 pred=47.6  input 80x256x256x3 [0, 1] mean=0.266
[3/19] 372: actual=29.3 pred=51.3  input 80x256x256x3 [0, 1] mean=0.295
[4/19] 109: actual=36.5 pred=42.0  input 80x256x256x3 [0, 0.925] mean=0.267
[5/19] 130: actual=38.8 pred=45.6  input 80x256x256x3 [0, 1] mean=0.281
[6/19] 542: actual=44.4 pred=61.4  input 80x256x256x3 [0, 0.847] mean=0.27
[7/19] 330: actual=44.5 pred=47.6  input 80x256x256x3 [0, 0.961] mean=0.253
[8/19] 194: actual=48.3 pred=51.4  input 80x256x256x3 [0, 0.961] mean=0.262
[9/19] 429: actual=55.5 pred=56.2  input 80x256x256x3 [0, 1] mean=0.257
[10/19] 212: actual=59.1 pred=58.4  input 80x256x256x3 [0, 1] mean=0.271
[11/19] 156: actual=59.4 pred=57.7  input 80x256x256x3 [0, 0.898] mean=0.272
[12/19] 259: actual=59.8 pred=59.8  input 80x256x256x3 [0, 1] mean=0.26
[13/19] 480: actual=60.0 pred=57.5  input 80x256x256x3 [0, 0.914] mean=0.262
[14/19] 310: actual=62.0 pred=67.1  input 80x256x256x3 [0, 1] mean=0.27
[15/19] 487: actual=66.3 pred=56.1  input 80x256x256x3 [0, 1] mean=0.254
[16/19] 501: actual=67.1 pred=67.7  input 80x256x256x3 [0, 0.961] mean=0.268
[17/19] 434: actual=67.2 pred=60.3  input 80x256x256x3 [0, 1] mean=0.299
[18/19] 317: actual=67.8 pred=68.2  input 80x256x256x3 [0, 0.922] mean=0.252
[19/19] 335: actual=69.3 pred=64.8  input 80x256x256x3 [0, 1] mean=0.254

Predicted 19 | skipped by QC 1 | requested 20
MAE=6.33  Pearson r=0.836  Spearman=0.814  slope=0.533
