Subjects requested: 485 | already done (skipped): 331 | to run: 154 | workers: 3
2026-10-09 08:22:46.973778: I tensorflow/core/util/port.cc:153] oneDNN custom operations are on. You may see slightly different numerical results due to floating-point round-off errors from different computation orders. To turn them off, set the environment variable `TF_ENABLE_ONEDNN_OPTS=0`.
2026-10-09 08:22:46.973888: I tensorflow/core/util/port.cc:153] oneDNN custom operations are on. You may see slightly different numerical results due to floating-point round-off errors from different computation orders. To turn them off, set the environment variable `TF_ENABLE_ONEDNN_OPTS=0`.
2026-10-09 08:22:46.974272: I tensorflow/core/util/port.cc:153] oneDNN custom operations are on. You may see slightly different numerical results due to floating-point round-off errors from different computation orders. To turn them off, set the environment variable `TF_ENABLE_ONEDNN_OPTS=0`.
2026-10-09 08:23:23.690879: I tensorflow/core/util/port.cc:153] oneDNN custom operations are on. You may see slightly different numerical results due to floating-point round-off errors from different computation orders. To turn them off, set the environment variable `TF_ENABLE_ONEDNN_OPTS=0`.
2026-10-09 08:23:23.690770: I tensorflow/core/util/port.cc:153] oneDNN custom operations are on. You may see slightly different numerical results due to floating-point round-off errors from different computation orders. To turn them off, set the environment variable `TF_ENABLE_ONEDNN_OPTS=0`.
2026-10-09 08:23:23.690869: I tensorflow/core/util/port.cc:153] oneDNN custom operations are on. You may see slightly different numerical results due to floating-point round-off errors from different computation orders. To turn them off, set the environment variable `TF_ENABLE_ONEDNN_OPTS=0`.
2026-10-09 08:28:25.328058: I tensorflow/core/platform/cpu_feature_guard.cc:210] This TensorFlow binary is optimized to use available CPU instructions in performance-critical operations.
To enable the following instructions: SSE3 SSE4.1 SSE4.2 AVX AVX2 AVX_VNNI FMA, in other operations, rebuild TensorFlow with the appropriate compiler flags.
2026-10-09 08:28:26.358343: I tensorflow/core/platform/cpu_feature_guard.cc:210] This TensorFlow binary is optimized to use available CPU instructions in performance-critical operations.
To enable the following instructions: SSE3 SSE4.1 SSE4.2 AVX AVX2 AVX_VNNI FMA, in other operations, rebuild TensorFlow with the appropriate compiler flags.
2026-10-09 08:28:26.899255: I tensorflow/core/platform/cpu_feature_guard.cc:210] This TensorFlow binary is optimized to use available CPU instructions in performance-critical operations.
To enable the following instructions: SSE3 SSE4.1 SSE4.2 AVX AVX2 AVX_VNNI FMA, in other operations, rebuild TensorFlow with the appropriate compiler flags.
[1/154] IXI395 WARN (299.9s) dice=0.94 reg_r=0.58  warning: reg_r 0.58 < 0.6
[2/154] IXI393 PASS (300.6s) dice=0.95 reg_r=0.68
[3/154] IXI394 PASS (301.1s) dice=0.96 reg_r=0.67
[4/154] IXI397 PASS (434.5s) dice=0.95 reg_r=0.72
[5/154] IXI396 PASS (450.0s) dice=0.95 reg_r=0.70
[6/154] IXI398 PASS (450.6s) dice=0.94 reg_r=0.70
[7/154] IXI399 PASS (131.6s) dice=0.93 reg_r=0.66
[8/154] IXI401 PASS (129.6s) dice=0.95 reg_r=0.73
[9/154] IXI400 PASS (133.1s) dice=0.95 reg_r=0.66
[10/154] IXI402 PASS (60.9s) dice=0.95 reg_r=0.67
[11/154] IXI404 WARN (61.5s) dice=0.94 reg_r=0.52  warning: reg_r 0.52 < 0.6
[12/154] IXI403 PASS (63.2s) dice=0.95 reg_r=0.70
WARNING:tensorflow:5 out of the last 5 calls to <function TensorFlowTrainer.make_predict_function.<locals>.one_step_on_data_distributed at 0x000001D8E3D068E0> triggered tf.function retracing. Tracing is expensive and the excessive number of tracings could be due to (1) creating @tf.function repeatedly in a loop, (2) passing tensors with different shapes, (3) passing Python objects instead of tensors. For (1), please define your @tf.function outside of the loop. For (2), @tf.function has reduce_retracing=True option that can avoid unnecessary retracing. For (3), please refer to https://www.tensorflow.org/guide/function#controlling_retracing and https://www.tensorflow.org/api_docs/python/tf/function for  more details.
[13/154] IXI405 PASS (62.3s) dice=0.95 reg_r=0.68
WARNING:tensorflow:5 out of the last 5 calls to <function TensorFlowTrainer.make_predict_function.<locals>.one_step_on_data_distributed at 0x0000022C01CCA8E0> triggered tf.function retracing. Tracing is expensive and the excessive number of tracings could be due to (1) creating @tf.function repeatedly in a loop, (2) passing tensors with different shapes, (3) passing Python objects instead of tensors. For (1), please define your @tf.function outside of the loop. For (2), @tf.function has reduce_retracing=True option that can avoid unnecessary retracing. For (3), please refer to https://www.tensorflow.org/guide/function#controlling_retracing and https://www.tensorflow.org/api_docs/python/tf/function for  more details.
WARNING:tensorflow:5 out of the last 5 calls to <function TensorFlowTrainer.make_predict_function.<locals>.one_step_on_data_distributed at 0x0000024FA497A840> triggered tf.function retracing. Tracing is expensive and the excessive number of tracings could be due to (1) creating @tf.function repeatedly in a loop, (2) passing tensors with different shapes, (3) passing Python objects instead of tensors. For (1), please define your @tf.function outside of the loop. For (2), @tf.function has reduce_retracing=True option that can avoid unnecessary retracing. For (3), please refer to https://www.tensorflow.org/guide/function#controlling_retracing and https://www.tensorflow.org/api_docs/python/tf/function for  more details.
[14/154] IXI406 WARN (65.8s) dice=0.93 reg_r=0.54  warning: reg_r 0.54 < 0.6
[15/154] IXI407 WARN (65.5s) dice=0.93 reg_r=0.55  warning: reg_r 0.55 < 0.6
WARNING:tensorflow:6 out of the last 6 calls to <function TensorFlowTrainer.make_predict_function.<locals>.one_step_on_data_distributed at 0x000001D8D755EFC0> triggered tf.function retracing. Tracing is expensive and the excessive number of tracings could be due to (1) creating @tf.function repeatedly in a loop, (2) passing tensors with different shapes, (3) passing Python objects instead of tensors. For (1), please define your @tf.function outside of the loop. For (2), @tf.function has reduce_retracing=True option that can avoid unnecessary retracing. For (3), please refer to https://www.tensorflow.org/guide/function#controlling_retracing and https://www.tensorflow.org/api_docs/python/tf/function for  more details.
[16/154] IXI409 WARN (60.5s) dice=0.95 reg_r=0.54  warning: reg_r 0.54 < 0.6
WARNING:tensorflow:6 out of the last 6 calls to <function TensorFlowTrainer.make_predict_function.<locals>.one_step_on_data_distributed at 0x0000024F95F0EF20> triggered tf.function retracing. Tracing is expensive and the excessive number of tracings could be due to (1) creating @tf.function repeatedly in a loop, (2) passing tensors with different shapes, (3) passing Python objects instead of tensors. For (1), please define your @tf.function outside of the loop. For (2), @tf.function has reduce_retracing=True option that can avoid unnecessary retracing. For (3), please refer to https://www.tensorflow.org/guide/function#controlling_retracing and https://www.tensorflow.org/api_docs/python/tf/function for  more details.
WARNING:tensorflow:6 out of the last 6 calls to <function TensorFlowTrainer.make_predict_function.<locals>.one_step_on_data_distributed at 0x0000022BECF8EFC0> triggered tf.function retracing. Tracing is expensive and the excessive number of tracings could be due to (1) creating @tf.function repeatedly in a loop, (2) passing tensors with different shapes, (3) passing Python objects instead of tensors. For (1), please define your @tf.function outside of the loop. For (2), @tf.function has reduce_retracing=True option that can avoid unnecessary retracing. For (3), please refer to https://www.tensorflow.org/guide/function#controlling_retracing and https://www.tensorflow.org/api_docs/python/tf/function for  more details.
[17/154] IXI411 PASS (63.4s) dice=0.95 reg_r=0.69
[18/154] IXI410 PASS (64.0s) dice=0.96 reg_r=0.71
[19/154] IXI412 PASS (62.7s) dice=0.95 reg_r=0.70
[20/154] IXI414 PASS (124.4s) dice=0.95 reg_r=0.64
[21/154] IXI413 PASS (132.7s) dice=0.95 reg_r=0.71
[22/154] IXI415 PASS (178.0s) dice=0.93 reg_r=0.66
[23/154] IXI416 PASS (119.4s) dice=0.95 reg_r=0.62
[24/154] IXI417 PASS (112.4s) dice=0.95 reg_r=0.66
[25/154] IXI418 PASS (74.6s) dice=0.95 reg_r=0.67
[26/154] IXI419 PASS (77.2s) dice=0.96 reg_r=0.66
[27/154] IXI420 PASS (76.8s) dice=0.96 reg_r=0.61
[28/154] IXI422 PASS (60.6s) dice=0.95 reg_r=0.68
[29/154] IXI423 PASS (60.0s) dice=0.94 reg_r=0.66
[30/154] IXI424 PASS (59.3s) dice=0.95 reg_r=0.71
[31/154] IXI425 PASS (58.9s) dice=0.95 reg_r=0.66
[32/154] IXI427 PASS (59.9s) dice=0.95 reg_r=0.66
[33/154] IXI426 PASS (60.3s) dice=0.95 reg_r=0.69
[34/154] IXI428 PASS (127.6s) dice=0.95 reg_r=0.67
[35/154] IXI430 PASS (127.5s) dice=0.94 reg_r=0.61
[36/154] IXI431 PASS (127.8s) dice=0.95 reg_r=0.67
[37/154] IXI432 WARN (49.2s) dice=0.95 reg_r=0.57  warning: reg_r 0.57 < 0.6
[38/154] IXI436 PASS (48.8s) dice=0.96 reg_r=0.66
[39/154] IXI433 WARN (49.4s) dice=0.95 reg_r=0.53  warning: reg_r 0.53 < 0.6
[40/154] IXI437 PASS (47.9s) dice=0.95 reg_r=0.68
[41/154] IXI439 PASS (49.6s) dice=0.96 reg_r=0.70
[42/154] IXI438 PASS (50.1s) dice=0.94 reg_r=0.68
[43/154] IXI440 PASS (47.4s) dice=0.95 reg_r=0.69
[44/154] IXI441 PASS (50.3s) dice=0.95 reg_r=0.69
[45/154] IXI442 WARN (51.5s) dice=0.94 reg_r=0.58  warning: reg_r 0.58 < 0.6
[46/154] IXI443 WARN (50.5s) dice=0.84 reg_r=0.28  warning: reg_r 0.28 < 0.6
[47/154] IXI444 PASS (51.3s) dice=0.95 reg_r=0.67
[48/154] IXI445 PASS (52.6s) dice=0.94 reg_r=0.69
[49/154] IXI446 PASS (50.1s) dice=0.94 reg_r=0.63
[50/154] IXI447 WARN (54.5s) dice=0.93 reg_r=0.59  warning: reg_r 0.59 < 0.6
[51/154] IXI448 PASS (53.1s) dice=0.95 reg_r=0.63
[52/154] IXI449 PASS (53.0s) dice=0.95 reg_r=0.64
[53/154] IXI450 WARN (54.6s) dice=0.94 reg_r=0.53  warning: reg_r 0.53 < 0.6
[54/154] IXI451 PASS (53.7s) dice=0.95 reg_r=0.65
[55/154] IXI452 PASS (52.2s) dice=0.95 reg_r=0.71
[56/154] IXI453 PASS (52.2s) dice=0.94 reg_r=0.64
[57/154] IXI454 WARN (55.3s) dice=0.93 reg_r=0.55  warning: reg_r 0.55 < 0.6
[58/154] IXI455 PASS (52.5s) dice=0.95 reg_r=0.65
[59/154] IXI456 PASS (56.9s) dice=0.95 reg_r=0.68
[60/154] IXI458 PASS (54.5s) dice=0.95 reg_r=0.64
[61/154] IXI459 PASS (53.7s) dice=0.95 reg_r=0.68
[62/154] IXI460 PASS (54.9s) dice=0.92 reg_r=0.62
[63/154] IXI461 PASS (54.7s) dice=0.94 reg_r=0.69
[64/154] IXI462 WARN (54.4s) dice=0.94 reg_r=0.46  warning: reg_r 0.46 < 0.6
[65/154] IXI464 WARN (54.2s) dice=0.94 reg_r=0.49  warning: reg_r 0.49 < 0.6
[66/154] IXI463 WARN (55.0s) dice=0.92 reg_r=0.57  warning: reg_r 0.57 < 0.6
[67/154] IXI465 PASS (53.8s) dice=0.95 reg_r=0.62
[68/154] IXI468 PASS (56.3s) dice=0.95 reg_r=0.64
[69/154] IXI467 PASS (56.7s) dice=0.95 reg_r=0.68
[70/154] IXI469 PASS (54.0s) dice=0.95 reg_r=0.69
[71/154] IXI473 WARN (57.1s) dice=0.92 reg_r=0.59  warning: reg_r 0.59 < 0.6
[72/154] IXI470 PASS (57.7s) dice=0.95 reg_r=0.65
[73/154] IXI474 PASS (55.3s) dice=0.94 reg_r=0.69
[74/154] IXI475 PASS (57.0s) dice=0.95 reg_r=0.71
[75/154] IXI476 PASS (57.0s) dice=0.94 reg_r=0.64
[76/154] IXI477 PASS (56.1s) dice=0.94 reg_r=0.63
[77/154] IXI478 PASS (55.4s) dice=0.95 reg_r=0.67
[78/154] IXI479 PASS (55.9s) dice=0.95 reg_r=0.66
[79/154] IXI481 PASS (55.3s) dice=0.91 reg_r=0.63
[80/154] IXI482 PASS (57.1s) dice=0.93 reg_r=0.65
[81/154] IXI483 PASS (59.5s) dice=0.94 reg_r=0.64
[82/154] IXI484 PASS (55.6s) dice=0.94 reg_r=0.68
[83/154] IXI485 PASS (57.9s) dice=0.93 reg_r=0.65
[84/154] IXI486 PASS (57.5s) dice=0.94 reg_r=0.69
[85/154] IXI488 WARN (58.9s) dice=0.94 reg_r=0.49  warning: reg_r 0.49 < 0.6
[86/154] IXI489 WARN (60.1s) dice=0.94 reg_r=0.39  warning: reg_r 0.39 < 0.6
[87/154] IXI490 PASS (58.2s) dice=0.94 reg_r=0.69
[88/154] IXI491 PASS (58.0s) dice=0.94 reg_r=0.64
[89/154] IXI493 PASS (57.8s) dice=0.95 reg_r=0.67
[90/154] IXI492 PASS (58.8s) dice=0.95 reg_r=0.65
[91/154] IXI494 WARN (56.4s) dice=0.94 reg_r=0.59  warning: reg_r 0.59 < 0.6
[92/154] IXI495 PASS (58.1s) dice=0.95 reg_r=0.71
[93/154] IXI496 PASS (58.2s) dice=0.94 reg_r=0.66
[94/154] IXI497 WARN (57.9s) dice=0.95 reg_r=0.54  warning: reg_r 0.54 < 0.6
[95/154] IXI499 WARN (59.7s) dice=0.95 reg_r=0.55  warning: reg_r 0.55 < 0.6
[96/154] IXI498 PASS (60.1s) dice=0.94 reg_r=0.69
[97/154] IXI500 PASS (55.2s) dice=0.94 reg_r=0.65
[98/154] IXI502 PASS (59.7s) dice=0.95 reg_r=0.69
[99/154] IXI503 PASS (61.1s) dice=0.94 reg_r=0.63
[100/154] IXI504 PASS (57.2s) dice=0.94 reg_r=0.67
[101/154] IXI505 PASS (60.6s) dice=0.94 reg_r=0.65
[102/154] IXI507 WARN (59.0s) dice=0.93 reg_r=0.52  warning: reg_r 0.52 < 0.6
[103/154] IXI506 PASS (59.8s) dice=0.95 reg_r=0.63
[104/154] IXI510 PASS (55.4s) dice=0.96 reg_r=0.65
[105/154] IXI508 PASS (57.2s) dice=0.95 reg_r=0.64
[106/154] IXI511 PASS (56.6s) dice=0.95 reg_r=0.67
[107/154] IXI512 PASS (58.0s) dice=0.95 reg_r=0.60
[108/154] IXI515 PASS (56.9s) dice=0.95 reg_r=0.68
[109/154] IXI516 PASS (57.8s) dice=0.94 reg_r=0.67
[110/154] IXI517 PASS (54.9s) dice=0.95 reg_r=0.66
[111/154] IXI518 PASS (55.9s) dice=0.93 reg_r=0.62
[112/154] IXI519 PASS (57.7s) dice=0.95 reg_r=0.63
[113/154] IXI522 PASS (54.7s) dice=0.94 reg_r=0.66
[114/154] IXI523 PASS (58.3s) dice=0.95 reg_r=0.63
[115/154] IXI524 PASS (56.9s) dice=0.95 reg_r=0.69
[116/154] IXI525 PASS (54.0s) dice=0.95 reg_r=0.71
[117/154] IXI527 PASS (56.6s) dice=0.96 reg_r=0.70
[118/154] IXI526 WARN (58.3s) dice=0.87 reg_r=0.59  warning: reg_r 0.59 < 0.6
[119/154] IXI528 PASS (54.5s) dice=0.95 reg_r=0.67
[120/154] IXI532 PASS (55.2s) dice=0.95 reg_r=0.66
[121/154] IXI531 PASS (56.4s) dice=0.94 reg_r=0.61
[122/154] IXI533 PASS (56.0s) dice=0.93 reg_r=0.63
[123/154] IXI534 PASS (56.8s) dice=0.94 reg_r=0.66
[124/154] IXI535 PASS (58.3s) dice=0.94 reg_r=0.64
[125/154] IXI536 PASS (57.5s) dice=0.94 reg_r=0.63
[126/154] IXI537 PASS (57.7s) dice=0.94 reg_r=0.63
[127/154] IXI538 WARN (56.9s) dice=0.95 reg_r=0.57  warning: reg_r 0.57 < 0.6
[128/154] IXI539 PASS (57.1s) dice=0.95 reg_r=0.65
[129/154] IXI541 PASS (57.3s) dice=0.95 reg_r=0.69
[130/154] IXI543 PASS (56.6s) dice=0.95 reg_r=0.65
[131/154] IXI544 PASS (53.9s) dice=0.94 reg_r=0.69
[132/154] IXI547 PASS (55.6s) dice=0.95 reg_r=0.71
[133/154] IXI546 PASS (58.4s) dice=0.94 reg_r=0.67
[134/154] IXI548 PASS (54.4s) dice=0.93 reg_r=0.64
[135/154] IXI549 PASS (56.0s) dice=0.95 reg_r=0.66
[136/154] IXI551 PASS (57.7s) dice=0.95 reg_r=0.62
[137/154] IXI552 PASS (56.4s) dice=0.94 reg_r=0.65
[138/154] IXI553 PASS (56.8s) dice=0.95 reg_r=0.69
[139/154] IXI554 WARN (58.9s) dice=0.94 reg_r=0.54  warning: reg_r 0.54 < 0.6
[140/154] IXI555 PASS (55.5s) dice=0.94 reg_r=0.63
[141/154] IXI556 PASS (58.1s) dice=0.95 reg_r=0.65
[142/154] IXI558 PASS (56.9s) dice=0.94 reg_r=0.65
[143/154] IXI559 PASS (53.8s) dice=0.95 reg_r=0.66
[144/154] IXI560 PASS (58.0s) dice=0.95 reg_r=0.66
[145/154] IXI561 PASS (55.5s) dice=0.95 reg_r=0.69
[146/154] IXI565 PASS (53.1s) dice=0.95 reg_r=0.73
[147/154] IXI566 PASS (57.6s) dice=0.94 reg_r=0.66
[148/154] IXI567 PASS (57.8s) dice=0.95 reg_r=0.69
[149/154] IXI569 PASS (55.6s) dice=0.95 reg_r=0.67
[150/154] IXI571 PASS (57.6s) dice=0.94 reg_r=0.72
[151/154] IXI572 PASS (56.9s) dice=0.95 reg_r=0.72
[152/154] IXI573 PASS (54.4s) dice=0.95 reg_r=0.65
[153/154] IXI574 WARN (50.3s) dice=0.94 reg_r=0.60  warning: reg_r 0.60 < 0.6
[154/154] IXI576 PASS (51.2s) dice=0.95 reg_r=0.62

Requested 485 | records for requested: 485 | PASS 447 | FAIL 38 | missing record 0
Wall time this run: 65.8 min
